  Determining projects to restore...
C:\Program Files\dotnet\sdk\10.0.201\Sdks\Microsoft.NET.Sdk\targets\Microsoft.NET.Sdk.FrameworkReferenceResolution.targets(94,5): warning NETSDK1086: A FrameworkReference for 'Microsoft.AspNetCore.App' was included in the project. This is implicitly referenced by the .NET SDK and you do not typically need to reference it from your project. For more information, see https://aka.ms/sdkimplicitrefs [C:\Development\ProtobuffEncoder\tests\ProtobuffEncoder.Grpc.Tests\ProtobuffEncoder.Grpc.Tests.csproj::TargetFramework=net8.0]
C:\Program Files\dotnet\sdk\10.0.201\Sdks\Microsoft.NET.Sdk\targets\Microsoft.NET.Sdk.FrameworkReferenceResolution.targets(94,5): warning NETSDK1086: A FrameworkReference for 'Microsoft.AspNetCore.App' was included in the project. This is implicitly referenced by the .NET SDK and you do not typically need to reference it from your project. For more information, see https://aka.ms/sdkimplicitrefs [C:\Development\ProtobuffEncoder\tests\ProtobuffEncoder.Grpc.Tests\ProtobuffEncoder.Grpc.Tests.csproj::TargetFramework=net9.0]
C:\Program Files\dotnet\sdk\10.0.201\Sdks\Microsoft.NET.Sdk\targets\Microsoft.NET.Sdk.FrameworkReferenceResolution.targets(94,5): warning NETSDK1086: A FrameworkReference for 'Microsoft.AspNetCore.App' was included in the project. This is implicitly referenced by the .NET SDK and you do not typically need to reference it from your project. For more information, see https://aka.ms/sdkimplicitrefs [C:\Development\ProtobuffEncoder\tests\ProtobuffEncoder.Grpc.Tests\ProtobuffEncoder.Grpc.Tests.csproj::TargetFramework=net10.0]
C:\Development\ProtobuffEncoder\demos\Setup\Normal\Rest\ProtobuffEncoder.Demo.Setup.Normal.Rest.csproj : warning NU1507: There are 4 package sources defined in your configuration. When using central package management, please map your package sources with package source mapping (https://aka.ms/nuget-package-source-mapping) or specify a single package source. The following sources are defined: nuget.org, sbssnl_nuget, teapot_nuget, dot-net-plugins [C:\Development\ProtobuffEncoder\ProtobuffEncoder.slnx]
C:\Development\ProtobuffEncoder\templates\ProtobuffEncoder.Template.Simple\ProtobuffEncoder.Template.Simple.csproj : warning NU1507: There are 4 package sources defined in your configuration. When using central package management, please map your package sources with package source mapping (https://aka.ms/nuget-package-source-mapping) or specify a single package source. The following sources are defined: nuget.org, sbssnl_nuget, teapot_nuget, dot-net-plugins [C:\Development\ProtobuffEncoder\ProtobuffEncoder.slnx]
C:\Development\ProtobuffEncoder\demos\Setup\Advanced\Grpc\ProtobuffEncoder.Demo.Setup.Advanced.Grpc.csproj : warning NU1507: There are 4 package sources defined in your configuration. When using central package management, please map your package sources with package source mapping (https://aka.ms/nuget-package-source-mapping) or specify a single package source. The following sources are defined: nuget.org, sbssnl_nuget, teapot_nuget, dot-net-plugins [C:\Development\ProtobuffEncoder\ProtobuffEncoder.slnx]
C:\Development\ProtobuffEncoder\demos\Setup\Normal\WebSockets\ProtobuffEncoder.Demo.Setup.Normal.WebSockets.csproj : warning NU1507: There are 4 package sources defined in your configuration. When using central package management, please map your package sources with package source mapping (https://aka.ms/nuget-package-source-mapping) or specify a single package source. The following sources are defined: nuget.org, sbssnl_nuget, teapot_nuget, dot-net-plugins [C:\Development\ProtobuffEncoder\ProtobuffEncoder.slnx]
C:\Development\ProtobuffEncoder\tests\ProtobuffEncoder.WebSockets.Tests\ProtobuffEncoder.WebSockets.Tests.csproj : warning NU1507: There are 4 package sources defined in your configuration. When using central package management, please map your package sources with package source mapping (https://aka.ms/nuget-package-source-mapping) or specify a single package source. The following sources are defined: nuget.org, sbssnl_nuget, teapot_nuget, dot-net-plugins [C:\Development\ProtobuffEncoder\ProtobuffEncoder.slnx]
C:\Development\ProtobuffEncoder\demos\Setup\Simple\Rest\ProtobuffEncoder.Demo.Setup.Simple.Rest.csproj : warning NU1507: There are 4 package sources defined in your configuration. When using central package management, please map your package sources with package source mapping (https://aka.ms/nuget-package-source-mapping) or specify a single package source. The following sources are defined: nuget.org, sbssnl_nuget, teapot_nuget, dot-net-plugins [C:\Development\ProtobuffEncoder\ProtobuffEncoder.slnx]
C:\Development\ProtobuffEncoder\tools\ProtobuffEncoder.Tool\ProtobuffEncoder.Tool.csproj : warning NU1507: There are 4 package sources defined in your configuration. When using central package management, please map your package sources with package source mapping (https://aka.ms/nuget-package-source-mapping) or specify a single package source. The following sources are defined: nuget.org, sbssnl_nuget, teapot_nuget, dot-net-plugins [C:\Development\ProtobuffEncoder\ProtobuffEncoder.slnx]
C:\Development\ProtobuffEncoder\demos\Setup\Simple\Grpc\ProtobuffEncoder.Demo.Setup.Simple.Grpc.csproj : warning NU1507: There are 4 package sources defined in your configuration. When using central package management, please map your package sources with package source mapping (https://aka.ms/nuget-package-source-mapping) or specify a single package source. The following sources are defined: nuget.org, sbssnl_nuget, teapot_nuget, dot-net-plugins [C:\Development\ProtobuffEncoder\ProtobuffEncoder.slnx]
C:\Development\ProtobuffEncoder\tests\ProtobuffEncoder.AspNetCore.Tests\ProtobuffEncoder.AspNetCore.Tests.csproj : warning NU1507: There are 4 package sources defined in your configuration. When using central package management, please map your package sources with package source mapping (https://aka.ms/nuget-package-source-mapping) or specify a single package source. The following sources are defined: nuget.org, sbssnl_nuget, teapot_nuget, dot-net-plugins [C:\Development\ProtobuffEncoder\ProtobuffEncoder.slnx]
C:\Development\ProtobuffEncoder\demos\ProtobuffEncoder.Demo.Api.Receiver\ProtobuffEncoder.Demo.Api.Receiver.csproj : warning NU1507: There are 4 package sources defined in your configuration. When using central package management, please map your package sources with package source mapping (https://aka.ms/nuget-package-source-mapping) or specify a single package source. The following sources are defined: nuget.org, sbssnl_nuget, teapot_nuget, dot-net-plugins [C:\Development\ProtobuffEncoder\ProtobuffEncoder.slnx]
C:\Development\ProtobuffEncoder\demos\Setup\Normal\Grpc\ProtobuffEncoder.Demo.Setup.Normal.Grpc.csproj : warning NU1507: There are 4 package sources defined in your configuration. When using central package management, please map your package sources with package source mapping (https://aka.ms/nuget-package-source-mapping) or specify a single package source. The following sources are defined: nuget.org, sbssnl_nuget, teapot_nuget, dot-net-plugins [C:\Development\ProtobuffEncoder\ProtobuffEncoder.slnx]
C:\Development\ProtobuffEncoder\demos\ProtobuffEncoder.Demo.Api.Sender\ProtobuffEncoder.Demo.Api.Sender.csproj : warning NU1507: There are 4 package sources defined in your configuration. When using central package management, please map your package sources with package source mapping (https://aka.ms/nuget-package-source-mapping) or specify a single package source. The following sources are defined: nuget.org, sbssnl_nuget, teapot_nuget, dot-net-plugins [C:\Development\ProtobuffEncoder\ProtobuffEncoder.slnx]
C:\Development\ProtobuffEncoder\demos\Setup\Simple\WebSockets\ProtobuffEncoder.Demo.Setup.Simple.WebSockets.csproj : warning NU1507: There are 4 package sources defined in your configuration. When using central package management, please map your package sources with package source mapping (https://aka.ms/nuget-package-source-mapping) or specify a single package source. The following sources are defined: nuget.org, sbssnl_nuget, teapot_nuget, dot-net-plugins [C:\Development\ProtobuffEncoder\ProtobuffEncoder.slnx]
C:\Development\ProtobuffEncoder\src\ProtobuffEncoder.Analyzers\ProtobuffEncoder.Analyzers.csproj : warning NU1507: There are 4 package sources defined in your configuration. When using central package management, please map your package sources with package source mapping (https://aka.ms/nuget-package-source-mapping) or specify a single package source. The following sources are defined: nuget.org, sbssnl_nuget, teapot_nuget, dot-net-plugins [C:\Development\ProtobuffEncoder\ProtobuffEncoder.slnx]
C:\Development\ProtobuffEncoder\templates\ProtobuffEncoder.Template.Normal\ProtobuffEncoder.Template.Normal.csproj : warning NU1507: There are 4 package sources defined in your configuration. When using central package management, please map your package sources with package source mapping (https://aka.ms/nuget-package-source-mapping) or specify a single package source. The following sources are defined: nuget.org, sbssnl_nuget, teapot_nuget, dot-net-plugins [C:\Development\ProtobuffEncoder\ProtobuffEncoder.slnx]
C:\Development\ProtobuffEncoder\demos\ProtobuffEncoder.Demo.Console\ProtobuffEncoder.Demo.Console.csproj : warning NU1507: There are 4 package sources defined in your configuration. When using central package management, please map your package sources with package source mapping (https://aka.ms/nuget-package-source-mapping) or specify a single package source. The following sources are defined: nuget.org, sbssnl_nuget, teapot_nuget, dot-net-plugins [C:\Development\ProtobuffEncoder\ProtobuffEncoder.slnx]
C:\Development\ProtobuffEncoder\demos\Setup\Advanced\Rest\ProtobuffEncoder.Demo.Setup.Advanced.Rest.csproj : warning NU1507: There are 4 package sources defined in your configuration. When using central package management, please map your package sources with package source mapping (https://aka.ms/nuget-package-source-mapping) or specify a single package source. The following sources are defined: nuget.org, sbssnl_nuget, teapot_nuget, dot-net-plugins [C:\Development\ProtobuffEncoder\ProtobuffEncoder.slnx]
C:\Development\ProtobuffEncoder\demos\ProtobuffEncoder.Demo.Bidirectional.Client\ProtobuffEncoder.Demo.Bidirectional.Client.csproj : warning NU1507: There are 4 package sources defined in your configuration. When using central package management, please map your package sources with package source mapping (https://aka.ms/nuget-package-source-mapping) or specify a single package source. The following sources are defined: nuget.org, sbssnl_nuget, teapot_nuget, dot-net-plugins [C:\Development\ProtobuffEncoder\ProtobuffEncoder.slnx]
C:\Development\ProtobuffEncoder\benchmarks\ProtobuffEncoder.Benchmarks\ProtobuffEncoder.Benchmarks.csproj : warning NU1507: There are 4 package sources defined in your configuration. When using central package management, please map your package sources with package source mapping (https://aka.ms/nuget-package-source-mapping) or specify a single package source. The following sources are defined: nuget.org, sbssnl_nuget, teapot_nuget, dot-net-plugins [C:\Development\ProtobuffEncoder\ProtobuffEncoder.slnx]
C:\Development\ProtobuffEncoder\tests\ProtobuffEncoder.Analyzers.Tests\ProtobuffEncoder.Analyzers.Tests.csproj : warning NU1507: There are 4 package sources defined in your configuration. When using central package management, please map your package sources with package source mapping (https://aka.ms/nuget-package-source-mapping) or specify a single package source. The following sources are defined: nuget.org, sbssnl_nuget, teapot_nuget, dot-net-plugins [C:\Development\ProtobuffEncoder\ProtobuffEncoder.slnx]
C:\Development\ProtobuffEncoder\tests\ProtobuffEncoder.Analyzers.Tests\ProtobuffEncoder.Analyzers.Tests.csproj : warning NU1701: Package 'Microsoft.CodeAnalysis.CSharp.Workspaces 1.0.1' was restored using '.NETFramework,Version=v4.6.1, .NETFramework,Version=v4.6.2, .NETFramework,Version=v4.7, .NETFramework,Version=v4.7.1, .NETFramework,Version=v4.7.2, .NETFramework,Version=v4.8, .NETFramework,Version=v4.8.1' instead of the project target framework 'net10.0'. This package may not be fully compatible with your project. [C:\Development\ProtobuffEncoder\ProtobuffEncoder.slnx]
C:\Development\ProtobuffEncoder\tests\ProtobuffEncoder.Analyzers.Tests\ProtobuffEncoder.Analyzers.Tests.csproj : warning NU1701: Package 'Microsoft.CodeAnalysis.Workspaces.Common 1.0.1' was restored using '.NETFramework,Version=v4.6.1, .NETFramework,Version=v4.6.2, .NETFramework,Version=v4.7, .NETFramework,Version=v4.7.1, .NETFramework,Version=v4.7.2, .NETFramework,Version=v4.8, .NETFramework,Version=v4.8.1' instead of the project target framework 'net10.0'. This package may not be fully compatible with your project. [C:\Development\ProtobuffEncoder\ProtobuffEncoder.slnx]
C:\Development\ProtobuffEncoder\tests\ProtobuffEncoder.Analyzers.Tests\ProtobuffEncoder.Analyzers.Tests.csproj : warning NU1701: Package 'Microsoft.Composition 1.0.27' was restored using '.NETFramework,Version=v4.6.1, .NETFramework,Version=v4.6.2, .NETFramework,Version=v4.7, .NETFramework,Version=v4.7.1, .NETFramework,Version=v4.7.2, .NETFramework,Version=v4.8, .NETFramework,Version=v4.8.1' instead of the project target framework 'net10.0'. This package may not be fully compatible with your project. [C:\Development\ProtobuffEncoder\ProtobuffEncoder.slnx]
C:\Development\ProtobuffEncoder\templates\ProtobuffEncoder.Template.Advanced\ProtobuffEncoder.Template.Advanced.csproj : warning NU1507: There are 4 package sources defined in your configuration. When using central package management, please map your package sources with package source mapping (https://aka.ms/nuget-package-source-mapping) or specify a single package source. The following sources are defined: nuget.org, sbssnl_nuget, teapot_nuget, dot-net-plugins [C:\Development\ProtobuffEncoder\ProtobuffEncoder.slnx]
C:\Development\ProtobuffEncoder\src\ProtobuffEncoder\ProtobuffEncoder.csproj : warning NU1507: There are 4 package sources defined in your configuration. When using central package management, please map your package sources with package source mapping (https://aka.ms/nuget-package-source-mapping) or specify a single package source. The following sources are defined: nuget.org, sbssnl_nuget, teapot_nuget, dot-net-plugins [C:\Development\ProtobuffEncoder\ProtobuffEncoder.slnx]
C:\Development\ProtobuffEncoder\src\ProtobuffEncoder.WebSockets\ProtobuffEncoder.WebSockets.csproj : warning NU1507: There are 4 package sources defined in your configuration. When using central package management, please map your package sources with package source mapping (https://aka.ms/nuget-package-source-mapping) or specify a single package source. The following sources are defined: nuget.org, sbssnl_nuget, teapot_nuget, dot-net-plugins [C:\Development\ProtobuffEncoder\ProtobuffEncoder.slnx]
C:\Development\ProtobuffEncoder\tests\ProtobuffEncoder.Tests\ProtobuffEncoder.Tests.csproj : warning NU1507: There are 4 package sources defined in your configuration. When using central package management, please map your package sources with package source mapping (https://aka.ms/nuget-package-source-mapping) or specify a single package source. The following sources are defined: nuget.org, sbssnl_nuget, teapot_nuget, dot-net-plugins [C:\Development\ProtobuffEncoder\ProtobuffEncoder.slnx]
C:\Development\ProtobuffEncoder\src\ProtobuffEncoder.Contracts\ProtobuffEncoder.Contracts.csproj : warning NU1507: There are 4 package sources defined in your configuration. When using central package management, please map your package sources with package source mapping (https://aka.ms/nuget-package-source-mapping) or specify a single package source. The following sources are defined: nuget.org, sbssnl_nuget, teapot_nuget, dot-net-plugins [C:\Development\ProtobuffEncoder\ProtobuffEncoder.slnx]
C:\Development\ProtobuffEncoder\src\ProtobuffEncoder.Grpc\ProtobuffEncoder.Grpc.csproj : warning NU1507: There are 4 package sources defined in your configuration. When using central package management, please map your package sources with package source mapping (https://aka.ms/nuget-package-source-mapping) or specify a single package source. The following sources are defined: nuget.org, sbssnl_nuget, teapot_nuget, dot-net-plugins [C:\Development\ProtobuffEncoder\ProtobuffEncoder.slnx]
C:\Development\ProtobuffEncoder\demos\ProtobuffEncoder.Demo.SchemaGen\ProtobuffEncoder.Demo.SchemaGen.csproj : warning NU1507: There are 4 package sources defined in your configuration. When using central package management, please map your package sources with package source mapping (https://aka.ms/nuget-package-source-mapping) or specify a single package source. The following sources are defined: nuget.org, sbssnl_nuget, teapot_nuget, dot-net-plugins [C:\Development\ProtobuffEncoder\ProtobuffEncoder.slnx]
C:\Development\ProtobuffEncoder\demos\Setup\Shared\ProtobuffEncoder.Demo.Setup.Shared.csproj : warning NU1507: There are 4 package sources defined in your configuration. When using central package management, please map your package sources with package source mapping (https://aka.ms/nuget-package-source-mapping) or specify a single package source. The following sources are defined: nuget.org, sbssnl_nuget, teapot_nuget, dot-net-plugins [C:\Development\ProtobuffEncoder\ProtobuffEncoder.slnx]
C:\Development\ProtobuffEncoder\tests\ProtobuffEncoder.Tool.Tests\ProtobuffEncoder.Tool.Tests.csproj : warning NU1507: There are 4 package sources defined in your configuration. When using central package management, please map your package sources with package source mapping (https://aka.ms/nuget-package-source-mapping) or specify a single package source. The following sources are defined: nuget.org, sbssnl_nuget, teapot_nuget, dot-net-plugins [C:\Development\ProtobuffEncoder\ProtobuffEncoder.slnx]
C:\Development\ProtobuffEncoder\demos\Setup\Advanced\WebSockets\ProtobuffEncoder.Demo.Setup.Advanced.WebSockets.csproj : warning NU1507: There are 4 package sources defined in your configuration. When using central package management, please map your package sources with package source mapping (https://aka.ms/nuget-package-source-mapping) or specify a single package source. The following sources are defined: nuget.org, sbssnl_nuget, teapot_nuget, dot-net-plugins [C:\Development\ProtobuffEncoder\ProtobuffEncoder.slnx]
C:\Development\ProtobuffEncoder\tests\ProtobuffEncoder.Grpc.Tests\ProtobuffEncoder.Grpc.Tests.csproj : warning NU1507: There are 4 package sources defined in your configuration. When using central package management, please map your package sources with package source mapping (https://aka.ms/nuget-package-source-mapping) or specify a single package source. The following sources are defined: nuget.org, sbssnl_nuget, teapot_nuget, dot-net-plugins [C:\Development\ProtobuffEncoder\ProtobuffEncoder.slnx]
C:\Development\ProtobuffEncoder\demos\ProtobuffEncoder.Demo.Bidirectional.Server\ProtobuffEncoder.Demo.Bidirectional.Server.csproj : warning NU1507: There are 4 package sources defined in your configuration. When using central package management, please map your package sources with package source mapping (https://aka.ms/nuget-package-source-mapping) or specify a single package source. The following sources are defined: nuget.org, sbssnl_nuget, teapot_nuget, dot-net-plugins [C:\Development\ProtobuffEncoder\ProtobuffEncoder.slnx]
C:\Development\ProtobuffEncoder\demos\ProtobuffEncoder.Demo.Grpc.Client\ProtobuffEncoder.Demo.Grpc.Client.csproj : warning NU1507: There are 4 package sources defined in your configuration. When using central package management, please map your package sources with package source mapping (https://aka.ms/nuget-package-source-mapping) or specify a single package source. The following sources are defined: nuget.org, sbssnl_nuget, teapot_nuget, dot-net-plugins [C:\Development\ProtobuffEncoder\ProtobuffEncoder.slnx]
C:\Development\ProtobuffEncoder\demos\ProtobuffEncoder.Demo.Grpc.Server\ProtobuffEncoder.Demo.Grpc.Server.csproj : warning NU1507: There are 4 package sources defined in your configuration. When using central package management, please map your package sources with package source mapping (https://aka.ms/nuget-package-source-mapping) or specify a single package source. The following sources are defined: nuget.org, sbssnl_nuget, teapot_nuget, dot-net-plugins [C:\Development\ProtobuffEncoder\ProtobuffEncoder.slnx]
C:\Development\ProtobuffEncoder\src\ProtobuffEncoder.AspNetCore\ProtobuffEncoder.AspNetCore.csproj : warning NU1507: There are 4 package sources defined in your configuration. When using central package management, please map your package sources with package source mapping (https://aka.ms/nuget-package-source-mapping) or specify a single package source. The following sources are defined: nuget.org, sbssnl_nuget, teapot_nuget, dot-net-plugins [C:\Development\ProtobuffEncoder\ProtobuffEncoder.slnx]
  All projects are up-to-date for restore.
C:\Development\ProtobuffEncoder\demos\ProtobuffEncoder.Demo.Console\ProtobuffEncoder.Demo.Console.csproj : warning NU1507: There are 4 package sources defined in your configuration. When using central package management, please map your package sources with package source mapping (https://aka.ms/nuget-package-source-mapping) or specify a single package source. The following sources are defined: nuget.org, sbssnl_nuget, teapot_nuget, dot-net-plugins
C:\Development\ProtobuffEncoder\demos\Setup\Shared\ProtobuffEncoder.Demo.Setup.Shared.csproj : warning NU1507: There are 4 package sources defined in your configuration. When using central package management, please map your package sources with package source mapping (https://aka.ms/nuget-package-source-mapping) or specify a single package source. The following sources are defined: nuget.org, sbssnl_nuget, teapot_nuget, dot-net-plugins
C:\Development\ProtobuffEncoder\demos\ProtobuffEncoder.Demo.Bidirectional.Client\ProtobuffEncoder.Demo.Bidirectional.Client.csproj : warning NU1507: There are 4 package sources defined in your configuration. When using central package management, please map your package sources with package source mapping (https://aka.ms/nuget-package-source-mapping) or specify a single package source. The following sources are defined: nuget.org, sbssnl_nuget, teapot_nuget, dot-net-plugins
C:\Development\ProtobuffEncoder\demos\ProtobuffEncoder.Demo.SchemaGen\ProtobuffEncoder.Demo.SchemaGen.csproj : warning NU1507: There are 4 package sources defined in your configuration. When using central package management, please map your package sources with package source mapping (https://aka.ms/nuget-package-source-mapping) or specify a single package source. The following sources are defined: nuget.org, sbssnl_nuget, teapot_nuget, dot-net-plugins
C:\Development\ProtobuffEncoder\demos\ProtobuffEncoder.Demo.Grpc.Client\ProtobuffEncoder.Demo.Grpc.Client.csproj : warning NU1507: There are 4 package sources defined in your configuration. When using central package management, please map your package sources with package source mapping (https://aka.ms/nuget-package-source-mapping) or specify a single package source. The following sources are defined: nuget.org, sbssnl_nuget, teapot_nuget, dot-net-plugins
C:\Development\ProtobuffEncoder\demos\ProtobuffEncoder.Demo.Api.Sender\ProtobuffEncoder.Demo.Api.Sender.csproj : warning NU1507: There are 4 package sources defined in your configuration. When using central package management, please map your package sources with package source mapping (https://aka.ms/nuget-package-source-mapping) or specify a single package source. The following sources are defined: nuget.org, sbssnl_nuget, teapot_nuget, dot-net-plugins
C:\Development\ProtobuffEncoder\demos\Setup\Advanced\Rest\ProtobuffEncoder.Demo.Setup.Advanced.Rest.csproj : warning NU1507: There are 4 package sources defined in your configuration. When using central package management, please map your package sources with package source mapping (https://aka.ms/nuget-package-source-mapping) or specify a single package source. The following sources are defined: nuget.org, sbssnl_nuget, teapot_nuget, dot-net-plugins
C:\Development\ProtobuffEncoder\demos\ProtobuffEncoder.Demo.Grpc.Server\ProtobuffEncoder.Demo.Grpc.Server.csproj : warning NU1507: There are 4 package sources defined in your configuration. When using central package management, please map your package sources with package source mapping (https://aka.ms/nuget-package-source-mapping) or specify a single package source. The following sources are defined: nuget.org, sbssnl_nuget, teapot_nuget, dot-net-plugins
C:\Development\ProtobuffEncoder\demos\Setup\Normal\Grpc\ProtobuffEncoder.Demo.Setup.Normal.Grpc.csproj : warning NU1507: There are 4 package sources defined in your configuration. When using central package management, please map your package sources with package source mapping (https://aka.ms/nuget-package-source-mapping) or specify a single package source. The following sources are defined: nuget.org, sbssnl_nuget, teapot_nuget, dot-net-plugins
C:\Development\ProtobuffEncoder\demos\Setup\Simple\Grpc\ProtobuffEncoder.Demo.Setup.Simple.Grpc.csproj : warning NU1507: There are 4 package sources defined in your configuration. When using central package management, please map your package sources with package source mapping (https://aka.ms/nuget-package-source-mapping) or specify a single package source. The following sources are defined: nuget.org, sbssnl_nuget, teapot_nuget, dot-net-plugins
C:\Development\ProtobuffEncoder\demos\ProtobuffEncoder.Demo.Api.Receiver\ProtobuffEncoder.Demo.Api.Receiver.csproj : warning NU1507: There are 4 package sources defined in your configuration. When using central package management, please map your package sources with package source mapping (https://aka.ms/nuget-package-source-mapping) or specify a single package source. The following sources are defined: nuget.org, sbssnl_nuget, teapot_nuget, dot-net-plugins
C:\Development\ProtobuffEncoder\demos\ProtobuffEncoder.Demo.Bidirectional.Server\ProtobuffEncoder.Demo.Bidirectional.Server.csproj : warning NU1507: There are 4 package sources defined in your configuration. When using central package management, please map your package sources with package source mapping (https://aka.ms/nuget-package-source-mapping) or specify a single package source. The following sources are defined: nuget.org, sbssnl_nuget, teapot_nuget, dot-net-plugins
C:\Development\ProtobuffEncoder\demos\Setup\Normal\WebSockets\ProtobuffEncoder.Demo.Setup.Normal.WebSockets.csproj : warning NU1507: There are 4 package sources defined in your configuration. When using central package management, please map your package sources with package source mapping (https://aka.ms/nuget-package-source-mapping) or specify a single package source. The following sources are defined: nuget.org, sbssnl_nuget, teapot_nuget, dot-net-plugins
C:\Development\ProtobuffEncoder\demos\Setup\Advanced\WebSockets\ProtobuffEncoder.Demo.Setup.Advanced.WebSockets.csproj : warning NU1507: There are 4 package sources defined in your configuration. When using central package management, please map your package sources with package source mapping (https://aka.ms/nuget-package-source-mapping) or specify a single package source. The following sources are defined: nuget.org, sbssnl_nuget, teapot_nuget, dot-net-plugins
C:\Development\ProtobuffEncoder\demos\Setup\Simple\WebSockets\ProtobuffEncoder.Demo.Setup.Simple.WebSockets.csproj : warning NU1507: There are 4 package sources defined in your configuration. When using central package management, please map your package sources with package source mapping (https://aka.ms/nuget-package-source-mapping) or specify a single package source. The following sources are defined: nuget.org, sbssnl_nuget, teapot_nuget, dot-net-plugins
C:\Development\ProtobuffEncoder\demos\Setup\Normal\Rest\ProtobuffEncoder.Demo.Setup.Normal.Rest.csproj : warning NU1507: There are 4 package sources defined in your configuration. When using central package management, please map your package sources with package source mapping (https://aka.ms/nuget-package-source-mapping) or specify a single package source. The following sources are defined: nuget.org, sbssnl_nuget, teapot_nuget, dot-net-plugins
C:\Development\ProtobuffEncoder\demos\Setup\Simple\Rest\ProtobuffEncoder.Demo.Setup.Simple.Rest.csproj : warning NU1507: There are 4 package sources defined in your configuration. When using central package management, please map your package sources with package source mapping (https://aka.ms/nuget-package-source-mapping) or specify a single package source. The following sources are defined: nuget.org, sbssnl_nuget, teapot_nuget, dot-net-plugins
C:\Development\ProtobuffEncoder\benchmarks\ProtobuffEncoder.Benchmarks\ProtobuffEncoder.Benchmarks.csproj : warning NU1507: There are 4 package sources defined in your configuration. When using central package management, please map your package sources with package source mapping (https://aka.ms/nuget-package-source-mapping) or specify a single package source. The following sources are defined: nuget.org, sbssnl_nuget, teapot_nuget, dot-net-plugins [TargetFramework=net10.0]
C:\Development\ProtobuffEncoder\demos\Setup\Advanced\Grpc\ProtobuffEncoder.Demo.Setup.Advanced.Grpc.csproj : warning NU1507: There are 4 package sources defined in your configuration. When using central package management, please map your package sources with package source mapping (https://aka.ms/nuget-package-source-mapping) or specify a single package source. The following sources are defined: nuget.org, sbssnl_nuget, teapot_nuget, dot-net-plugins
C:\Development\ProtobuffEncoder\src\ProtobuffEncoder.Analyzers\ProtobuffEncoder.Analyzers.csproj : warning NU1507: There are 4 package sources defined in your configuration. When using central package management, please map your package sources with package source mapping (https://aka.ms/nuget-package-source-mapping) or specify a single package source. The following sources are defined: nuget.org, sbssnl_nuget, teapot_nuget, dot-net-plugins
C:\Development\ProtobuffEncoder\benchmarks\ProtobuffEncoder.Benchmarks\ProtobuffEncoder.Benchmarks.csproj : warning NU1507: There are 4 package sources defined in your configuration. When using central package management, please map your package sources with package source mapping (https://aka.ms/nuget-package-source-mapping) or specify a single package source. The following sources are defined: nuget.org, sbssnl_nuget, teapot_nuget, dot-net-plugins [TargetFramework=net9.0]
C:\Development\ProtobuffEncoder\src\ProtobuffEncoder.WebSockets\ProtobuffEncoder.WebSockets.csproj : warning NU1507: There are 4 package sources defined in your configuration. When using central package management, please map your package sources with package source mapping (https://aka.ms/nuget-package-source-mapping) or specify a single package source. The following sources are defined: nuget.org, sbssnl_nuget, teapot_nuget, dot-net-plugins [TargetFramework=net10.0]
C:\Development\ProtobuffEncoder\templates\ProtobuffEncoder.Template.Advanced\ProtobuffEncoder.Template.Advanced.csproj : warning NU1507: There are 4 package sources defined in your configuration. When using central package management, please map your package sources with package source mapping (https://aka.ms/nuget-package-source-mapping) or specify a single package source. The following sources are defined: nuget.org, sbssnl_nuget, teapot_nuget, dot-net-plugins
C:\Development\ProtobuffEncoder\src\ProtobuffEncoder.WebSockets\ProtobuffEncoder.WebSockets.csproj : warning NU1507: There are 4 package sources defined in your configuration. When using central package management, please map your package sources with package source mapping (https://aka.ms/nuget-package-source-mapping) or specify a single package source. The following sources are defined: nuget.org, sbssnl_nuget, teapot_nuget, dot-net-plugins [TargetFramework=net8.0]
C:\Development\ProtobuffEncoder\templates\ProtobuffEncoder.Template.Normal\ProtobuffEncoder.Template.Normal.csproj : warning NU1507: There are 4 package sources defined in your configuration. When using central package management, please map your package sources with package source mapping (https://aka.ms/nuget-package-source-mapping) or specify a single package source. The following sources are defined: nuget.org, sbssnl_nuget, teapot_nuget, dot-net-plugins
C:\Development\ProtobuffEncoder\benchmarks\ProtobuffEncoder.Benchmarks\ProtobuffEncoder.Benchmarks.csproj : warning NU1507: There are 4 package sources defined in your configuration. When using central package management, please map your package sources with package source mapping (https://aka.ms/nuget-package-source-mapping) or specify a single package source. The following sources are defined: nuget.org, sbssnl_nuget, teapot_nuget, dot-net-plugins [TargetFramework=net8.0]
C:\Development\ProtobuffEncoder\src\ProtobuffEncoder\ProtobuffEncoder.csproj : warning NU1507: There are 4 package sources defined in your configuration. When using central package management, please map your package sources with package source mapping (https://aka.ms/nuget-package-source-mapping) or specify a single package source. The following sources are defined: nuget.org, sbssnl_nuget, teapot_nuget, dot-net-plugins [TargetFramework=net10.0]
C:\Development\ProtobuffEncoder\src\ProtobuffEncoder.AspNetCore\ProtobuffEncoder.AspNetCore.csproj : warning NU1507: There are 4 package sources defined in your configuration. When using central package management, please map your package sources with package source mapping (https://aka.ms/nuget-package-source-mapping) or specify a single package source. The following sources are defined: nuget.org, sbssnl_nuget, teapot_nuget, dot-net-plugins [TargetFramework=net10.0]
C:\Development\ProtobuffEncoder\src\ProtobuffEncoder.AspNetCore\ProtobuffEncoder.AspNetCore.csproj : warning NU1507: There are 4 package sources defined in your configuration. When using central package management, please map your package sources with package source mapping (https://aka.ms/nuget-package-source-mapping) or specify a single package source. The following sources are defined: nuget.org, sbssnl_nuget, teapot_nuget, dot-net-plugins [TargetFramework=net9.0]
C:\Development\ProtobuffEncoder\templates\ProtobuffEncoder.Template.Simple\ProtobuffEncoder.Template.Simple.csproj : warning NU1507: There are 4 package sources defined in your configuration. When using central package management, please map your package sources with package source mapping (https://aka.ms/nuget-package-source-mapping) or specify a single package source. The following sources are defined: nuget.org, sbssnl_nuget, teapot_nuget, dot-net-plugins
C:\Development\ProtobuffEncoder\src\ProtobuffEncoder.Grpc\ProtobuffEncoder.Grpc.csproj : warning NU1507: There are 4 package sources defined in your configuration. When using central package management, please map your package sources with package source mapping (https://aka.ms/nuget-package-source-mapping) or specify a single package source. The following sources are defined: nuget.org, sbssnl_nuget, teapot_nuget, dot-net-plugins [TargetFramework=net10.0]
C:\Development\ProtobuffEncoder\tests\ProtobuffEncoder.AspNetCore.Tests\ProtobuffEncoder.AspNetCore.Tests.csproj : warning NU1507: There are 4 package sources defined in your configuration. When using central package management, please map your package sources with package source mapping (https://aka.ms/nuget-package-source-mapping) or specify a single package source. The following sources are defined: nuget.org, sbssnl_nuget, teapot_nuget, dot-net-plugins [TargetFramework=net9.0]
C:\Development\ProtobuffEncoder\tests\ProtobuffEncoder.AspNetCore.Tests\ProtobuffEncoder.AspNetCore.Tests.csproj : warning NU1507: There are 4 package sources defined in your configuration. When using central package management, please map your package sources with package source mapping (https://aka.ms/nuget-package-source-mapping) or specify a single package source. The following sources are defined: nuget.org, sbssnl_nuget, teapot_nuget, dot-net-plugins [TargetFramework=net10.0]
C:\Development\ProtobuffEncoder\tests\ProtobuffEncoder.Analyzers.Tests\ProtobuffEncoder.Analyzers.Tests.csproj : warning NU1507: There are 4 package sources defined in your configuration. When using central package management, please map your package sources with package source mapping (https://aka.ms/nuget-package-source-mapping) or specify a single package source. The following sources are defined: nuget.org, sbssnl_nuget, teapot_nuget, dot-net-plugins [TargetFramework=net8.0]
C:\Development\ProtobuffEncoder\tests\ProtobuffEncoder.Analyzers.Tests\ProtobuffEncoder.Analyzers.Tests.csproj : warning NU1701: Package 'Microsoft.CodeAnalysis.CSharp.Workspaces 1.0.1' was restored using '.NETFramework,Version=v4.6.1, .NETFramework,Version=v4.6.2, .NETFramework,Version=v4.7, .NETFramework,Version=v4.7.1, .NETFramework,Version=v4.7.2, .NETFramework,Version=v4.8, .NETFramework,Version=v4.8.1' instead of the project target framework 'net10.0'. This package may not be fully compatible with your project. [TargetFramework=net8.0]
C:\Development\ProtobuffEncoder\tests\ProtobuffEncoder.Analyzers.Tests\ProtobuffEncoder.Analyzers.Tests.csproj : warning NU1701: Package 'Microsoft.CodeAnalysis.Workspaces.Common 1.0.1' was restored using '.NETFramework,Version=v4.6.1, .NETFramework,Version=v4.6.2, .NETFramework,Version=v4.7, .NETFramework,Version=v4.7.1, .NETFramework,Version=v4.7.2, .NETFramework,Version=v4.8, .NETFramework,Version=v4.8.1' instead of the project target framework 'net10.0'. This package may not be fully compatible with your project. [TargetFramework=net8.0]
C:\Development\ProtobuffEncoder\tests\ProtobuffEncoder.Analyzers.Tests\ProtobuffEncoder.Analyzers.Tests.csproj : warning NU1701: Package 'Microsoft.Composition 1.0.27' was restored using '.NETFramework,Version=v4.6.1, .NETFramework,Version=v4.6.2, .NETFramework,Version=v4.7, .NETFramework,Version=v4.7.1, .NETFramework,Version=v4.7.2, .NETFramework,Version=v4.8, .NETFramework,Version=v4.8.1' instead of the project target framework 'net10.0'. This package may not be fully compatible with your project. [TargetFramework=net8.0]
C:\Development\ProtobuffEncoder\tests\ProtobuffEncoder.AspNetCore.Tests\ProtobuffEncoder.AspNetCore.Tests.csproj : warning NU1507: There are 4 package sources defined in your configuration. When using central package management, please map your package sources with package source mapping (https://aka.ms/nuget-package-source-mapping) or specify a single package source. The following sources are defined: nuget.org, sbssnl_nuget, teapot_nuget, dot-net-plugins [TargetFramework=net8.0]
  ProtobuffEncoder.Analyzers -> C:\Development\ProtobuffEncoder\src\ProtobuffEncoder.Analyzers\bin\Release\netstandard2.0\ProtobuffEncoder.Analyzers.dll
C:\Development\ProtobuffEncoder\tests\ProtobuffEncoder.Analyzers.Tests\ProtobuffEncoder.Analyzers.Tests.csproj : warning NU1507: There are 4 package sources defined in your configuration. When using central package management, please map your package sources with package source mapping (https://aka.ms/nuget-package-source-mapping) or specify a single package source. The following sources are defined: nuget.org, sbssnl_nuget, teapot_nuget, dot-net-plugins [TargetFramework=net9.0]
C:\Development\ProtobuffEncoder\tests\ProtobuffEncoder.Tool.Tests\ProtobuffEncoder.Tool.Tests.csproj : warning NU1507: There are 4 package sources defined in your configuration. When using central package management, please map your package sources with package source mapping (https://aka.ms/nuget-package-source-mapping) or specify a single package source. The following sources are defined: nuget.org, sbssnl_nuget, teapot_nuget, dot-net-plugins [TargetFramework=net8.0]
C:\Development\ProtobuffEncoder\tests\ProtobuffEncoder.Analyzers.Tests\ProtobuffEncoder.Analyzers.Tests.csproj : warning NU1701: Package 'Microsoft.CodeAnalysis.CSharp.Workspaces 1.0.1' was restored using '.NETFramework,Version=v4.6.1, .NETFramework,Version=v4.6.2, .NETFramework,Version=v4.7, .NETFramework,Version=v4.7.1, .NETFramework,Version=v4.7.2, .NETFramework,Version=v4.8, .NETFramework,Version=v4.8.1' instead of the project target framework 'net10.0'. This package may not be fully compatible with your project. [TargetFramework=net9.0]
C:\Development\ProtobuffEncoder\tests\ProtobuffEncoder.Analyzers.Tests\ProtobuffEncoder.Analyzers.Tests.csproj : warning NU1701: Package 'Microsoft.CodeAnalysis.Workspaces.Common 1.0.1' was restored using '.NETFramework,Version=v4.6.1, .NETFramework,Version=v4.6.2, .NETFramework,Version=v4.7, .NETFramework,Version=v4.7.1, .NETFramework,Version=v4.7.2, .NETFramework,Version=v4.8, .NETFramework,Version=v4.8.1' instead of the project target framework 'net10.0'. This package may not be fully compatible with your project. [TargetFramework=net9.0]
C:\Development\ProtobuffEncoder\tests\ProtobuffEncoder.Analyzers.Tests\ProtobuffEncoder.Analyzers.Tests.csproj : warning NU1701: Package 'Microsoft.Composition 1.0.27' was restored using '.NETFramework,Version=v4.6.1, .NETFramework,Version=v4.6.2, .NETFramework,Version=v4.7, .NETFramework,Version=v4.7.1, .NETFramework,Version=v4.7.2, .NETFramework,Version=v4.8, .NETFramework,Version=v4.8.1' instead of the project target framework 'net10.0'. This package may not be fully compatible with your project. [TargetFramework=net9.0]
C:\Development\ProtobuffEncoder\tests\ProtobuffEncoder.Tests\ProtobuffEncoder.Tests.csproj : warning NU1507: There are 4 package sources defined in your configuration. When using central package management, please map your package sources with package source mapping (https://aka.ms/nuget-package-source-mapping) or specify a single package source. The following sources are defined: nuget.org, sbssnl_nuget, teapot_nuget, dot-net-plugins [TargetFramework=net8.0]
C:\Development\ProtobuffEncoder\src\ProtobuffEncoder\ProtobuffEncoder.csproj : warning NU1507: There are 4 package sources defined in your configuration. When using central package management, please map your package sources with package source mapping (https://aka.ms/nuget-package-source-mapping) or specify a single package source. The following sources are defined: nuget.org, sbssnl_nuget, teapot_nuget, dot-net-plugins [TargetFramework=net8.0]
C:\Development\ProtobuffEncoder\tests\ProtobuffEncoder.Tests\ProtobuffEncoder.Tests.csproj : warning NU1507: There are 4 package sources defined in your configuration. When using central package management, please map your package sources with package source mapping (https://aka.ms/nuget-package-source-mapping) or specify a single package source. The following sources are defined: nuget.org, sbssnl_nuget, teapot_nuget, dot-net-plugins [TargetFramework=net9.0]
C:\Development\ProtobuffEncoder\tests\ProtobuffEncoder.Tests\ProtobuffEncoder.Tests.csproj : warning NU1507: There are 4 package sources defined in your configuration. When using central package management, please map your package sources with package source mapping (https://aka.ms/nuget-package-source-mapping) or specify a single package source. The following sources are defined: nuget.org, sbssnl_nuget, teapot_nuget, dot-net-plugins [TargetFramework=net10.0]
C:\Development\ProtobuffEncoder\src\ProtobuffEncoder.Contracts\ProtobuffEncoder.Contracts.csproj : warning NU1507: There are 4 package sources defined in your configuration. When using central package management, please map your package sources with package source mapping (https://aka.ms/nuget-package-source-mapping) or specify a single package source. The following sources are defined: nuget.org, sbssnl_nuget, teapot_nuget, dot-net-plugins [TargetFramework=net8.0]
C:\Development\ProtobuffEncoder\tests\ProtobuffEncoder.Tool.Tests\ProtobuffEncoder.Tool.Tests.csproj : warning NU1507: There are 4 package sources defined in your configuration. When using central package management, please map your package sources with package source mapping (https://aka.ms/nuget-package-source-mapping) or specify a single package source. The following sources are defined: nuget.org, sbssnl_nuget, teapot_nuget, dot-net-plugins [TargetFramework=net10.0]
C:\Development\ProtobuffEncoder\tests\ProtobuffEncoder.Tool.Tests\ProtobuffEncoder.Tool.Tests.csproj : warning NU1507: There are 4 package sources defined in your configuration. When using central package management, please map your package sources with package source mapping (https://aka.ms/nuget-package-source-mapping) or specify a single package source. The following sources are defined: nuget.org, sbssnl_nuget, teapot_nuget, dot-net-plugins [TargetFramework=net9.0]
C:\Development\ProtobuffEncoder\tests\ProtobuffEncoder.Analyzers.Tests\ProtobuffEncoder.Analyzers.Tests.csproj : warning NU1507: There are 4 package sources defined in your configuration. When using central package management, please map your package sources with package source mapping (https://aka.ms/nuget-package-source-mapping) or specify a single package source. The following sources are defined: nuget.org, sbssnl_nuget, teapot_nuget, dot-net-plugins [TargetFramework=net10.0]
C:\Development\ProtobuffEncoder\tests\ProtobuffEncoder.Analyzers.Tests\ProtobuffEncoder.Analyzers.Tests.csproj : warning NU1701: Package 'Microsoft.CodeAnalysis.CSharp.Workspaces 1.0.1' was restored using '.NETFramework,Version=v4.6.1, .NETFramework,Version=v4.6.2, .NETFramework,Version=v4.7, .NETFramework,Version=v4.7.1, .NETFramework,Version=v4.7.2, .NETFramework,Version=v4.8, .NETFramework,Version=v4.8.1' instead of the project target framework 'net10.0'. This package may not be fully compatible with your project. [TargetFramework=net10.0]
C:\Development\ProtobuffEncoder\tests\ProtobuffEncoder.Analyzers.Tests\ProtobuffEncoder.Analyzers.Tests.csproj : warning NU1701: Package 'Microsoft.CodeAnalysis.Workspaces.Common 1.0.1' was restored using '.NETFramework,Version=v4.6.1, .NETFramework,Version=v4.6.2, .NETFramework,Version=v4.7, .NETFramework,Version=v4.7.1, .NETFramework,Version=v4.7.2, .NETFramework,Version=v4.8, .NETFramework,Version=v4.8.1' instead of the project target framework 'net10.0'. This package may not be fully compatible with your project. [TargetFramework=net10.0]
C:\Development\ProtobuffEncoder\tests\ProtobuffEncoder.Analyzers.Tests\ProtobuffEncoder.Analyzers.Tests.csproj : warning NU1701: Package 'Microsoft.Composition 1.0.27' was restored using '.NETFramework,Version=v4.6.1, .NETFramework,Version=v4.6.2, .NETFramework,Version=v4.7, .NETFramework,Version=v4.7.1, .NETFramework,Version=v4.7.2, .NETFramework,Version=v4.8, .NETFramework,Version=v4.8.1' instead of the project target framework 'net10.0'. This package may not be fully compatible with your project. [TargetFramework=net10.0]
C:\Development\ProtobuffEncoder\src\ProtobuffEncoder.Grpc\ProtobuffEncoder.Grpc.csproj : warning NU1507: There are 4 package sources defined in your configuration. When using central package management, please map your package sources with package source mapping (https://aka.ms/nuget-package-source-mapping) or specify a single package source. The following sources are defined: nuget.org, sbssnl_nuget, teapot_nuget, dot-net-plugins [TargetFramework=net8.0]
C:\Development\ProtobuffEncoder\src\ProtobuffEncoder.AspNetCore\ProtobuffEncoder.AspNetCore.csproj : warning NU1507: There are 4 package sources defined in your configuration. When using central package management, please map your package sources with package source mapping (https://aka.ms/nuget-package-source-mapping) or specify a single package source. The following sources are defined: nuget.org, sbssnl_nuget, teapot_nuget, dot-net-plugins [TargetFramework=net8.0]
C:\Development\ProtobuffEncoder\src\ProtobuffEncoder\ProtobuffEncoder.csproj : warning NU1507: There are 4 package sources defined in your configuration. When using central package management, please map your package sources with package source mapping (https://aka.ms/nuget-package-source-mapping) or specify a single package source. The following sources are defined: nuget.org, sbssnl_nuget, teapot_nuget, dot-net-plugins [TargetFramework=net9.0]
C:\Development\ProtobuffEncoder\tools\ProtobuffEncoder.Tool\ProtobuffEncoder.Tool.csproj : warning NU1507: There are 4 package sources defined in your configuration. When using central package management, please map your package sources with package source mapping (https://aka.ms/nuget-package-source-mapping) or specify a single package source. The following sources are defined: nuget.org, sbssnl_nuget, teapot_nuget, dot-net-plugins [TargetFramework=net8.0]
C:\Development\ProtobuffEncoder\tools\ProtobuffEncoder.Tool\ProtobuffEncoder.Tool.csproj : warning NU1507: There are 4 package sources defined in your configuration. When using central package management, please map your package sources with package source mapping (https://aka.ms/nuget-package-source-mapping) or specify a single package source. The following sources are defined: nuget.org, sbssnl_nuget, teapot_nuget, dot-net-plugins [TargetFramework=net9.0]
C:\Development\ProtobuffEncoder\tools\ProtobuffEncoder.Tool\ProtobuffEncoder.Tool.csproj : warning NU1507: There are 4 package sources defined in your configuration. When using central package management, please map your package sources with package source mapping (https://aka.ms/nuget-package-source-mapping) or specify a single package source. The following sources are defined: nuget.org, sbssnl_nuget, teapot_nuget, dot-net-plugins [TargetFramework=net10.0]
C:\Development\ProtobuffEncoder\src\ProtobuffEncoder.Contracts\ProtobuffEncoder.Contracts.csproj : warning NU1507: There are 4 package sources defined in your configuration. When using central package management, please map your package sources with package source mapping (https://aka.ms/nuget-package-source-mapping) or specify a single package source. The following sources are defined: nuget.org, sbssnl_nuget, teapot_nuget, dot-net-plugins [TargetFramework=net10.0]
C:\Development\ProtobuffEncoder\tests\ProtobuffEncoder.WebSockets.Tests\ProtobuffEncoder.WebSockets.Tests.csproj : warning NU1507: There are 4 package sources defined in your configuration. When using central package management, please map your package sources with package source mapping (https://aka.ms/nuget-package-source-mapping) or specify a single package source. The following sources are defined: nuget.org, sbssnl_nuget, teapot_nuget, dot-net-plugins [TargetFramework=net8.0]
C:\Development\ProtobuffEncoder\src\ProtobuffEncoder.Grpc\ProtobuffEncoder.Grpc.csproj : warning NU1507: There are 4 package sources defined in your configuration. When using central package management, please map your package sources with package source mapping (https://aka.ms/nuget-package-source-mapping) or specify a single package source. The following sources are defined: nuget.org, sbssnl_nuget, teapot_nuget, dot-net-plugins [TargetFramework=net9.0]
C:\Development\ProtobuffEncoder\tests\ProtobuffEncoder.WebSockets.Tests\ProtobuffEncoder.WebSockets.Tests.csproj : warning NU1507: There are 4 package sources defined in your configuration. When using central package management, please map your package sources with package source mapping (https://aka.ms/nuget-package-source-mapping) or specify a single package source. The following sources are defined: nuget.org, sbssnl_nuget, teapot_nuget, dot-net-plugins [TargetFramework=net10.0]
C:\Development\ProtobuffEncoder\tests\ProtobuffEncoder.WebSockets.Tests\ProtobuffEncoder.WebSockets.Tests.csproj : warning NU1507: There are 4 package sources defined in your configuration. When using central package management, please map your package sources with package source mapping (https://aka.ms/nuget-package-source-mapping) or specify a single package source. The following sources are defined: nuget.org, sbssnl_nuget, teapot_nuget, dot-net-plugins [TargetFramework=net9.0]
  ProtobuffEncoder -> C:\Development\ProtobuffEncoder\src\ProtobuffEncoder\bin\Release\net10.0\ProtobuffEncoder.dll
  ProtobuffEncoder -> C:\Development\ProtobuffEncoder\src\ProtobuffEncoder\bin\Release\net8.0\ProtobuffEncoder.dll
C:\Program Files\dotnet\sdk\10.0.201\Sdks\Microsoft.NET.Sdk\targets\Microsoft.NET.Sdk.FrameworkReferenceResolution.targets(94,5): warning NETSDK1086: A FrameworkReference for 'Microsoft.AspNetCore.App' was included in the project. This is implicitly referenced by the .NET SDK and you do not typically need to reference it from your project. For more information, see https://aka.ms/sdkimplicitrefs [C:\Development\ProtobuffEncoder\tests\ProtobuffEncoder.Grpc.Tests\ProtobuffEncoder.Grpc.Tests.csproj::TargetFramework=net10.0]
C:\Program Files\dotnet\sdk\10.0.201\Sdks\Microsoft.NET.Sdk\targets\Microsoft.NET.Sdk.FrameworkReferenceResolution.targets(94,5): warning NETSDK1086: A FrameworkReference for 'Microsoft.AspNetCore.App' was included in the project. This is implicitly referenced by the .NET SDK and you do not typically need to reference it from your project. For more information, see https://aka.ms/sdkimplicitrefs [C:\Development\ProtobuffEncoder\tests\ProtobuffEncoder.Grpc.Tests\ProtobuffEncoder.Grpc.Tests.csproj::TargetFramework=net8.0]
  ProtobuffEncoder -> C:\Development\ProtobuffEncoder\src\ProtobuffEncoder\bin\Release\net9.0\ProtobuffEncoder.dll
C:\Development\ProtobuffEncoder\tests\ProtobuffEncoder.Grpc.Tests\ProtobuffEncoder.Grpc.Tests.csproj : warning NU1507: There are 4 package sources defined in your configuration. When using central package management, please map your package sources with package source mapping (https://aka.ms/nuget-package-source-mapping) or specify a single package source. The following sources are defined: nuget.org, sbssnl_nuget, teapot_nuget, dot-net-plugins [TargetFramework=net10.0]
C:\Development\ProtobuffEncoder\tests\ProtobuffEncoder.Grpc.Tests\ProtobuffEncoder.Grpc.Tests.csproj : warning NU1507: There are 4 package sources defined in your configuration. When using central package management, please map your package sources with package source mapping (https://aka.ms/nuget-package-source-mapping) or specify a single package source. The following sources are defined: nuget.org, sbssnl_nuget, teapot_nuget, dot-net-plugins [TargetFramework=net8.0]
  ProtobuffEncoder.Analyzers.Tests -> C:\Development\ProtobuffEncoder\tests\ProtobuffEncoder.Analyzers.Tests\bin\Release\net9.0\ProtobuffEncoder.Analyzers.Tests.dll
  ProtobuffEncoder.Analyzers.Tests -> C:\Development\ProtobuffEncoder\tests\ProtobuffEncoder.Analyzers.Tests\bin\Release\net8.0\ProtobuffEncoder.Analyzers.Tests.dll
C:\Development\ProtobuffEncoder\src\ProtobuffEncoder.Contracts\ProtobuffEncoder.Contracts.csproj : warning NU1507: There are 4 package sources defined in your configuration. When using central package management, please map your package sources with package source mapping (https://aka.ms/nuget-package-source-mapping) or specify a single package source. The following sources are defined: nuget.org, sbssnl_nuget, teapot_nuget, dot-net-plugins [TargetFramework=net9.0]
  ProtobuffEncoder.Analyzers.Tests -> C:\Development\ProtobuffEncoder\tests\ProtobuffEncoder.Analyzers.Tests\bin\Release\net10.0\ProtobuffEncoder.Analyzers.Tests.dll
  ProtobuffEncoder.Demo.Setup.Shared -> C:\Development\ProtobuffEncoder\demos\Setup\Shared\bin\Release\net10.0\ProtobuffEncoder.Demo.Setup.Shared.dll
  ProtobuffEncoder.Template.Advanced -> C:\Development\ProtobuffEncoder\templates\ProtobuffEncoder.Template.Advanced\bin\Release\net10.0\ProtobuffEncoder.Template.Advanced.dll
  ProtobuffEncoder.Template.Normal -> C:\Development\ProtobuffEncoder\templates\ProtobuffEncoder.Template.Normal\bin\Release\net10.0\ProtobuffEncoder.Template.Normal.dll
  ProtobuffEncoder.Tool -> C:\Development\ProtobuffEncoder\tools\ProtobuffEncoder.Tool\bin\Release\net10.0\ProtobuffEncoder.Tool.dll
C:\Program Files\dotnet\sdk\10.0.201\Sdks\Microsoft.NET.Sdk\targets\Microsoft.NET.Sdk.FrameworkReferenceResolution.targets(94,5): warning NETSDK1086: A FrameworkReference for 'Microsoft.AspNetCore.App' was included in the project. This is implicitly referenced by the .NET SDK and you do not typically need to reference it from your project. For more information, see https://aka.ms/sdkimplicitrefs [C:\Development\ProtobuffEncoder\tests\ProtobuffEncoder.Grpc.Tests\ProtobuffEncoder.Grpc.Tests.csproj::TargetFramework=net9.0]
C:\Development\ProtobuffEncoder\tests\ProtobuffEncoder.Grpc.Tests\ProtobuffEncoder.Grpc.Tests.csproj : warning NU1507: There are 4 package sources defined in your configuration. When using central package management, please map your package sources with package source mapping (https://aka.ms/nuget-package-source-mapping) or specify a single package source. The following sources are defined: nuget.org, sbssnl_nuget, teapot_nuget, dot-net-plugins [TargetFramework=net9.0]
  ProtobuffEncoder.Tool -> C:\Development\ProtobuffEncoder\tools\ProtobuffEncoder.Tool\bin\Release\net9.0\ProtobuffEncoder.Tool.dll
  ProtobuffEncoder.Benchmarks -> C:\Development\ProtobuffEncoder\benchmarks\ProtobuffEncoder.Benchmarks\bin\Release\net9.0\ProtobuffEncoder.Benchmarks.dll
  ProtobuffEncoder.Benchmarks -> C:\Development\ProtobuffEncoder\benchmarks\ProtobuffEncoder.Benchmarks\bin\Release\net8.0\ProtobuffEncoder.Benchmarks.dll
  ProtobuffEncoder.Tests -> C:\Development\ProtobuffEncoder\tests\ProtobuffEncoder.Tests\bin\Release\net8.0\ProtobuffEncoder.Tests.dll
  ProtobuffEncoder.Contracts -> C:\Development\ProtobuffEncoder\src\ProtobuffEncoder.Contracts\bin\Release\net9.0\ProtobuffEncoder.Contracts.dll
  ProtobuffEncoder.Grpc -> C:\Development\ProtobuffEncoder\src\ProtobuffEncoder.Grpc\bin\Release\net10.0\ProtobuffEncoder.Grpc.dll
  ProtobuffEncoder.Benchmarks -> C:\Development\ProtobuffEncoder\benchmarks\ProtobuffEncoder.Benchmarks\bin\Release\net10.0\ProtobuffEncoder.Benchmarks.dll
C:\Development\ProtobuffEncoder\src\ProtobuffEncoder.WebSockets\WebSocketEndpointRouteBuilderExtensions.cs(59,34): error CS1061: 'ProtobufWebSocketConnection<TSend, TReceive>' does not contain a definition for 'HttpContext' and no accessible extension method 'HttpContext' accepting a first argument of type 'ProtobufWebSocketConnection<TSend, TReceive>' could be found (are you missing a using directive or an assembly reference?) [C:\Development\ProtobuffEncoder\src\ProtobuffEncoder.WebSockets\ProtobuffEncoder.WebSockets.csproj::TargetFramework=net10.0]
C:\Development\ProtobuffEncoder\src\ProtobuffEncoder.WebSockets\WebSocketEndpointRouteBuilderExtensions.cs(60,22): error CS1061: 'ProtobufWebSocketConnection<TSend, TReceive>' does not contain a definition for 'Items' and no accessible extension method 'Items' accepting a first argument of type 'ProtobufWebSocketConnection<TSend, TReceive>' could be found (are you missing a using directive or an assembly reference?) [C:\Development\ProtobuffEncoder\src\ProtobuffEncoder.WebSockets\ProtobuffEncoder.WebSockets.csproj::TargetFramework=net10.0]
C:\Development\ProtobuffEncoder\src\ProtobuffEncoder.WebSockets\WebSocketEndpointRouteBuilderExtensions.cs(62,22): error CS1061: 'ProtobufWebSocketConnection<TSend, TReceive>' does not contain a definition for 'Items' and no accessible extension method 'Items' accepting a first argument of type 'ProtobufWebSocketConnection<TSend, TReceive>' could be found (are you missing a using directive or an assembly reference?) [C:\Development\ProtobuffEncoder\src\ProtobuffEncoder.WebSockets\ProtobuffEncoder.WebSockets.csproj::TargetFramework=net10.0]
C:\Development\ProtobuffEncoder\src\ProtobuffEncoder.WebSockets\WebSocketEndpointRouteBuilderExtensions.cs(68,48): error CS1061: 'ProtobufWebSocketConnection<TSend, TReceive>' does not contain a definition for 'Items' and no accessible extension method 'Items' accepting a first argument of type 'ProtobufWebSocketConnection<TSend, TReceive>' could be found (are you missing a using directive or an assembly reference?) [C:\Development\ProtobuffEncoder\src\ProtobuffEncoder.WebSockets\ProtobuffEncoder.WebSockets.csproj::TargetFramework=net10.0]
C:\Development\ProtobuffEncoder\src\ProtobuffEncoder.WebSockets\WebSocketEndpointRouteBuilderExtensions.cs(74,26): error CS1061: 'ProtobufWebSocketConnection<TSend, TReceive>' does not contain a definition for 'Items' and no accessible extension method 'Items' accepting a first argument of type 'ProtobufWebSocketConnection<TSend, TReceive>' could be found (are you missing a using directive or an assembly reference?) [C:\Development\ProtobuffEncoder\src\ProtobuffEncoder.WebSockets\ProtobuffEncoder.WebSockets.csproj::TargetFramework=net10.0]
C:\Development\ProtobuffEncoder\src\ProtobuffEncoder.WebSockets\WebSocketEndpointRouteBuilderExtensions.cs(79,26): error CS1061: 'ProtobufWebSocketConnection<TSend, TReceive>' does not contain a definition for 'Items' and no accessible extension method 'Items' accepting a first argument of type 'ProtobufWebSocketConnection<TSend, TReceive>' could be found (are you missing a using directive or an assembly reference?) [C:\Development\ProtobuffEncoder\src\ProtobuffEncoder.WebSockets\ProtobuffEncoder.WebSockets.csproj::TargetFramework=net10.0]
C:\Development\ProtobuffEncoder\src\ProtobuffEncoder.WebSockets\WebSocketEndpointRouteBuilderExtensions.cs(87,26): error CS1061: 'ProtobufWebSocketConnection<TSend, TReceive>' does not contain a definition for 'Items' and no accessible extension method 'Items' accepting a first argument of type 'ProtobufWebSocketConnection<TSend, TReceive>' could be found (are you missing a using directive or an assembly reference?) [C:\Development\ProtobuffEncoder\src\ProtobuffEncoder.WebSockets\ProtobuffEncoder.WebSockets.csproj::TargetFramework=net10.0]
C:\Development\ProtobuffEncoder\src\ProtobuffEncoder.WebSockets\WebSocketEndpointRouteBuilderExtensions.cs(76,27): error CS0165: Use of unassigned local variable 'endpoint' [C:\Development\ProtobuffEncoder\src\ProtobuffEncoder.WebSockets\ProtobuffEncoder.WebSockets.csproj::TargetFramework=net10.0]
C:\Development\ProtobuffEncoder\src\ProtobuffEncoder.WebSockets\WebSocketEndpointRouteBuilderExtensions.cs(81,21): error CS0165: Use of unassigned local variable 'scope' [C:\Development\ProtobuffEncoder\src\ProtobuffEncoder.WebSockets\ProtobuffEncoder.WebSockets.csproj::TargetFramework=net10.0]
C:\Development\ProtobuffEncoder\src\ProtobuffEncoder.WebSockets\WebSocketEndpointRouteBuilderExtensions.cs(89,27): error CS0165: Use of unassigned local variable 'endpoint' [C:\Development\ProtobuffEncoder\src\ProtobuffEncoder.WebSockets\ProtobuffEncoder.WebSockets.csproj::TargetFramework=net10.0]
C:\Development\ProtobuffEncoder\src\ProtobuffEncoder.WebSockets\ProtobuffEncoder.WebSockets.csproj : warning NU1507: There are 4 package sources defined in your configuration. When using central package management, please map your package sources with package source mapping (https://aka.ms/nuget-package-source-mapping) or specify a single package source. The following sources are defined: nuget.org, sbssnl_nuget, teapot_nuget, dot-net-plugins [TargetFramework=net9.0]
C:\Development\ProtobuffEncoder\src\ProtobuffEncoder.WebSockets\WebSocketEndpointRouteBuilderExtensions.cs(59,34): error CS1061: 'ProtobufWebSocketConnection<TSend, TReceive>' does not contain a definition for 'HttpContext' and no accessible extension method 'HttpContext' accepting a first argument of type 'ProtobufWebSocketConnection<TSend, TReceive>' could be found (are you missing a using directive or an assembly reference?) [C:\Development\ProtobuffEncoder\src\ProtobuffEncoder.WebSockets\ProtobuffEncoder.WebSockets.csproj::TargetFramework=net8.0]
C:\Development\ProtobuffEncoder\src\ProtobuffEncoder.WebSockets\WebSocketEndpointRouteBuilderExtensions.cs(60,22): error CS1061: 'ProtobufWebSocketConnection<TSend, TReceive>' does not contain a definition for 'Items' and no accessible extension method 'Items' accepting a first argument of type 'ProtobufWebSocketConnection<TSend, TReceive>' could be found (are you missing a using directive or an assembly reference?) [C:\Development\ProtobuffEncoder\src\ProtobuffEncoder.WebSockets\ProtobuffEncoder.WebSockets.csproj::TargetFramework=net8.0]
C:\Development\ProtobuffEncoder\src\ProtobuffEncoder.WebSockets\WebSocketEndpointRouteBuilderExtensions.cs(62,22): error CS1061: 'ProtobufWebSocketConnection<TSend, TReceive>' does not contain a definition for 'Items' and no accessible extension method 'Items' accepting a first argument of type 'ProtobufWebSocketConnection<TSend, TReceive>' could be found (are you missing a using directive or an assembly reference?) [C:\Development\ProtobuffEncoder\src\ProtobuffEncoder.WebSockets\ProtobuffEncoder.WebSockets.csproj::TargetFramework=net8.0]
C:\Development\ProtobuffEncoder\src\ProtobuffEncoder.WebSockets\WebSocketEndpointRouteBuilderExtensions.cs(68,48): error CS1061: 'ProtobufWebSocketConnection<TSend, TReceive>' does not contain a definition for 'Items' and no accessible extension method 'Items' accepting a first argument of type 'ProtobufWebSocketConnection<TSend, TReceive>' could be found (are you missing a using directive or an assembly reference?) [C:\Development\ProtobuffEncoder\src\ProtobuffEncoder.WebSockets\ProtobuffEncoder.WebSockets.csproj::TargetFramework=net8.0]
C:\Development\ProtobuffEncoder\src\ProtobuffEncoder.WebSockets\WebSocketEndpointRouteBuilderExtensions.cs(74,26): error CS1061: 'ProtobufWebSocketConnection<TSend, TReceive>' does not contain a definition for 'Items' and no accessible extension method 'Items' accepting a first argument of type 'ProtobufWebSocketConnection<TSend, TReceive>' could be found (are you missing a using directive or an assembly reference?) [C:\Development\ProtobuffEncoder\src\ProtobuffEncoder.WebSockets\ProtobuffEncoder.WebSockets.csproj::TargetFramework=net8.0]
C:\Development\ProtobuffEncoder\src\ProtobuffEncoder.WebSockets\WebSocketEndpointRouteBuilderExtensions.cs(79,26): error CS1061: 'ProtobufWebSocketConnection<TSend, TReceive>' does not contain a definition for 'Items' and no accessible extension method 'Items' accepting a first argument of type 'ProtobufWebSocketConnection<TSend, TReceive>' could be found (are you missing a using directive or an assembly reference?) [C:\Development\ProtobuffEncoder\src\ProtobuffEncoder.WebSockets\ProtobuffEncoder.WebSockets.csproj::TargetFramework=net8.0]
C:\Development\ProtobuffEncoder\src\ProtobuffEncoder.WebSockets\WebSocketEndpointRouteBuilderExtensions.cs(87,26): error CS1061: 'ProtobufWebSocketConnection<TSend, TReceive>' does not contain a definition for 'Items' and no accessible extension method 'Items' accepting a first argument of type 'ProtobufWebSocketConnection<TSend, TReceive>' could be found (are you missing a using directive or an assembly reference?) [C:\Development\ProtobuffEncoder\src\ProtobuffEncoder.WebSockets\ProtobuffEncoder.WebSockets.csproj::TargetFramework=net8.0]
C:\Development\ProtobuffEncoder\src\ProtobuffEncoder.WebSockets\WebSocketEndpointRouteBuilderExtensions.cs(76,27): error CS0165: Use of unassigned local variable 'endpoint' [C:\Development\ProtobuffEncoder\src\ProtobuffEncoder.WebSockets\ProtobuffEncoder.WebSockets.csproj::TargetFramework=net8.0]
C:\Development\ProtobuffEncoder\src\ProtobuffEncoder.WebSockets\WebSocketEndpointRouteBuilderExtensions.cs(81,21): error CS0165: Use of unassigned local variable 'scope' [C:\Development\ProtobuffEncoder\src\ProtobuffEncoder.WebSockets\ProtobuffEncoder.WebSockets.csproj::TargetFramework=net8.0]
C:\Development\ProtobuffEncoder\src\ProtobuffEncoder.WebSockets\WebSocketEndpointRouteBuilderExtensions.cs(89,27): error CS0165: Use of unassigned local variable 'endpoint' [C:\Development\ProtobuffEncoder\src\ProtobuffEncoder.WebSockets\ProtobuffEncoder.WebSockets.csproj::TargetFramework=net8.0]
  ProtobuffEncoder.Grpc -> C:\Development\ProtobuffEncoder\src\ProtobuffEncoder.Grpc\bin\Release\net8.0\ProtobuffEncoder.Grpc.dll
  ProtobuffEncoder.Contracts -> C:\Development\ProtobuffEncoder\src\ProtobuffEncoder.Contracts\bin\Release\net8.0\ProtobuffEncoder.Contracts.dll
  ProtobuffEncoder.Template.Simple -> C:\Development\ProtobuffEncoder\templates\ProtobuffEncoder.Template.Simple\bin\Release\net10.0\ProtobuffEncoder.Template.Simple.dll
  ProtobuffEncoder.Contracts -> C:\Development\ProtobuffEncoder\src\ProtobuffEncoder.Contracts\bin\Release\net10.0\ProtobuffEncoder.Contracts.dll
  ProtobuffEncoder.Tests -> C:\Development\ProtobuffEncoder\tests\ProtobuffEncoder.Tests\bin\Release\net10.0\ProtobuffEncoder.Tests.dll
  ProtobuffEncoder.Grpc -> C:\Development\ProtobuffEncoder\src\ProtobuffEncoder.Grpc\bin\Release\net9.0\ProtobuffEncoder.Grpc.dll
  ProtobuffEncoder.Tool -> C:\Development\ProtobuffEncoder\tools\ProtobuffEncoder.Tool\bin\Release\net8.0\ProtobuffEncoder.Tool.dll
  ProtobuffEncoder.Tool.Tests -> C:\Development\ProtobuffEncoder\tests\ProtobuffEncoder.Tool.Tests\bin\Release\net9.0\ProtobuffEncoder.Tool.Tests.dll
  ProtobuffEncoder.Demo.Console -> C:\Development\ProtobuffEncoder\demos\ProtobuffEncoder.Demo.Console\bin\Release\net10.0\ProtobuffEncoder.Demo.Console.dll
  ProtobuffEncoder.Demo.SchemaGen -> C:\Development\ProtobuffEncoder\demos\ProtobuffEncoder.Demo.SchemaGen\bin\Release\net10.0\ProtobuffEncoder.Demo.SchemaGen.dll
C:\Development\ProtobuffEncoder\src\ProtobuffEncoder.WebSockets\WebSocketEndpointRouteBuilderExtensions.cs(59,34): error CS1061: 'ProtobufWebSocketConnection<TSend, TReceive>' does not contain a definition for 'HttpContext' and no accessible extension method 'HttpContext' accepting a first argument of type 'ProtobufWebSocketConnection<TSend, TReceive>' could be found (are you missing a using directive or an assembly reference?) [C:\Development\ProtobuffEncoder\src\ProtobuffEncoder.WebSockets\ProtobuffEncoder.WebSockets.csproj::TargetFramework=net9.0]
C:\Development\ProtobuffEncoder\src\ProtobuffEncoder.WebSockets\WebSocketEndpointRouteBuilderExtensions.cs(60,22): error CS1061: 'ProtobufWebSocketConnection<TSend, TReceive>' does not contain a definition for 'Items' and no accessible extension method 'Items' accepting a first argument of type 'ProtobufWebSocketConnection<TSend, TReceive>' could be found (are you missing a using directive or an assembly reference?) [C:\Development\ProtobuffEncoder\src\ProtobuffEncoder.WebSockets\ProtobuffEncoder.WebSockets.csproj::TargetFramework=net9.0]
C:\Development\ProtobuffEncoder\src\ProtobuffEncoder.WebSockets\WebSocketEndpointRouteBuilderExtensions.cs(62,22): error CS1061: 'ProtobufWebSocketConnection<TSend, TReceive>' does not contain a definition for 'Items' and no accessible extension method 'Items' accepting a first argument of type 'ProtobufWebSocketConnection<TSend, TReceive>' could be found (are you missing a using directive or an assembly reference?) [C:\Development\ProtobuffEncoder\src\ProtobuffEncoder.WebSockets\ProtobuffEncoder.WebSockets.csproj::TargetFramework=net9.0]
C:\Development\ProtobuffEncoder\src\ProtobuffEncoder.WebSockets\WebSocketEndpointRouteBuilderExtensions.cs(68,48): error CS1061: 'ProtobufWebSocketConnection<TSend, TReceive>' does not contain a definition for 'Items' and no accessible extension method 'Items' accepting a first argument of type 'ProtobufWebSocketConnection<TSend, TReceive>' could be found (are you missing a using directive or an assembly reference?) [C:\Development\ProtobuffEncoder\src\ProtobuffEncoder.WebSockets\ProtobuffEncoder.WebSockets.csproj::TargetFramework=net9.0]
C:\Development\ProtobuffEncoder\src\ProtobuffEncoder.WebSockets\WebSocketEndpointRouteBuilderExtensions.cs(74,26): error CS1061: 'ProtobufWebSocketConnection<TSend, TReceive>' does not contain a definition for 'Items' and no accessible extension method 'Items' accepting a first argument of type 'ProtobufWebSocketConnection<TSend, TReceive>' could be found (are you missing a using directive or an assembly reference?) [C:\Development\ProtobuffEncoder\src\ProtobuffEncoder.WebSockets\ProtobuffEncoder.WebSockets.csproj::TargetFramework=net9.0]
C:\Development\ProtobuffEncoder\src\ProtobuffEncoder.WebSockets\WebSocketEndpointRouteBuilderExtensions.cs(79,26): error CS1061: 'ProtobufWebSocketConnection<TSend, TReceive>' does not contain a definition for 'Items' and no accessible extension method 'Items' accepting a first argument of type 'ProtobufWebSocketConnection<TSend, TReceive>' could be found (are you missing a using directive or an assembly reference?) [C:\Development\ProtobuffEncoder\src\ProtobuffEncoder.WebSockets\ProtobuffEncoder.WebSockets.csproj::TargetFramework=net9.0]
C:\Development\ProtobuffEncoder\src\ProtobuffEncoder.WebSockets\WebSocketEndpointRouteBuilderExtensions.cs(87,26): error CS1061: 'ProtobufWebSocketConnection<TSend, TReceive>' does not contain a definition for 'Items' and no accessible extension method 'Items' accepting a first argument of type 'ProtobufWebSocketConnection<TSend, TReceive>' could be found (are you missing a using directive or an assembly reference?) [C:\Development\ProtobuffEncoder\src\ProtobuffEncoder.WebSockets\ProtobuffEncoder.WebSockets.csproj::TargetFramework=net9.0]
C:\Development\ProtobuffEncoder\src\ProtobuffEncoder.WebSockets\WebSocketEndpointRouteBuilderExtensions.cs(76,27): error CS0165: Use of unassigned local variable 'endpoint' [C:\Development\ProtobuffEncoder\src\ProtobuffEncoder.WebSockets\ProtobuffEncoder.WebSockets.csproj::TargetFramework=net9.0]
C:\Development\ProtobuffEncoder\src\ProtobuffEncoder.WebSockets\WebSocketEndpointRouteBuilderExtensions.cs(81,21): error CS0165: Use of unassigned local variable 'scope' [C:\Development\ProtobuffEncoder\src\ProtobuffEncoder.WebSockets\ProtobuffEncoder.WebSockets.csproj::TargetFramework=net9.0]
C:\Development\ProtobuffEncoder\src\ProtobuffEncoder.WebSockets\WebSocketEndpointRouteBuilderExtensions.cs(89,27): error CS0165: Use of unassigned local variable 'endpoint' [C:\Development\ProtobuffEncoder\src\ProtobuffEncoder.WebSockets\ProtobuffEncoder.WebSockets.csproj::TargetFramework=net9.0]
  ProtobuffEncoder.Tests -> C:\Development\ProtobuffEncoder\tests\ProtobuffEncoder.Tests\bin\Release\net9.0\ProtobuffEncoder.Tests.dll
  ProtobuffEncoder.Grpc.Tests -> C:\Development\ProtobuffEncoder\tests\ProtobuffEncoder.Grpc.Tests\bin\Release\net8.0\ProtobuffEncoder.Grpc.Tests.dll
  ProtobuffEncoder.Tool.Tests -> C:\Development\ProtobuffEncoder\tests\ProtobuffEncoder.Tool.Tests\bin\Release\net10.0\ProtobuffEncoder.Tool.Tests.dll
  ProtobuffEncoder.Demo.Grpc.Client -> C:\Development\ProtobuffEncoder\demos\ProtobuffEncoder.Demo.Grpc.Client\bin\Release\net10.0\ProtobuffEncoder.Demo.Grpc.Client.dll
  ProtobuffEncoder.Grpc.Tests -> C:\Development\ProtobuffEncoder\tests\ProtobuffEncoder.Grpc.Tests\bin\Release\net9.0\ProtobuffEncoder.Grpc.Tests.dll
  ProtobuffEncoder.Grpc.Tests -> C:\Development\ProtobuffEncoder\tests\ProtobuffEncoder.Grpc.Tests\bin\Release\net10.0\ProtobuffEncoder.Grpc.Tests.dll
  ProtobuffEncoder.Tool.Tests -> C:\Development\ProtobuffEncoder\tests\ProtobuffEncoder.Tool.Tests\bin\Release\net8.0\ProtobuffEncoder.Tool.Tests.dll

Build FAILED.

C:\Program Files\dotnet\sdk\10.0.201\Sdks\Microsoft.NET.Sdk\targets\Microsoft.NET.Sdk.FrameworkReferenceResolution.targets(94,5): warning NETSDK1086: A FrameworkReference for 'Microsoft.AspNetCore.App' was included in the project. This is implicitly referenced by the .NET SDK and you do not typically need to reference it from your project. For more information, see https://aka.ms/sdkimplicitrefs [C:\Development\ProtobuffEncoder\tests\ProtobuffEncoder.Grpc.Tests\ProtobuffEncoder.Grpc.Tests.csproj::TargetFramework=net8.0]
C:\Program Files\dotnet\sdk\10.0.201\Sdks\Microsoft.NET.Sdk\targets\Microsoft.NET.Sdk.FrameworkReferenceResolution.targets(94,5): warning NETSDK1086: A FrameworkReference for 'Microsoft.AspNetCore.App' was included in the project. This is implicitly referenced by the .NET SDK and you do not typically need to reference it from your project. For more information, see https://aka.ms/sdkimplicitrefs [C:\Development\ProtobuffEncoder\tests\ProtobuffEncoder.Grpc.Tests\ProtobuffEncoder.Grpc.Tests.csproj::TargetFramework=net9.0]
C:\Program Files\dotnet\sdk\10.0.201\Sdks\Microsoft.NET.Sdk\targets\Microsoft.NET.Sdk.FrameworkReferenceResolution.targets(94,5): warning NETSDK1086: A FrameworkReference for 'Microsoft.AspNetCore.App' was included in the project. This is implicitly referenced by the .NET SDK and you do not typically need to reference it from your project. For more information, see https://aka.ms/sdkimplicitrefs [C:\Development\ProtobuffEncoder\tests\ProtobuffEncoder.Grpc.Tests\ProtobuffEncoder.Grpc.Tests.csproj::TargetFramework=net10.0]
C:\Development\ProtobuffEncoder\demos\Setup\Normal\Rest\ProtobuffEncoder.Demo.Setup.Normal.Rest.csproj : warning NU1507: There are 4 package sources defined in your configuration. When using central package management, please map your package sources with package source mapping (https://aka.ms/nuget-package-source-mapping) or specify a single package source. The following sources are defined: nuget.org, sbssnl_nuget, teapot_nuget, dot-net-plugins [C:\Development\ProtobuffEncoder\ProtobuffEncoder.slnx]
C:\Development\ProtobuffEncoder\templates\ProtobuffEncoder.Template.Simple\ProtobuffEncoder.Template.Simple.csproj : warning NU1507: There are 4 package sources defined in your configuration. When using central package management, please map your package sources with package source mapping (https://aka.ms/nuget-package-source-mapping) or specify a single package source. The following sources are defined: nuget.org, sbssnl_nuget, teapot_nuget, dot-net-plugins [C:\Development\ProtobuffEncoder\ProtobuffEncoder.slnx]
C:\Development\ProtobuffEncoder\demos\Setup\Advanced\Grpc\ProtobuffEncoder.Demo.Setup.Advanced.Grpc.csproj : warning NU1507: There are 4 package sources defined in your configuration. When using central package management, please map your package sources with package source mapping (https://aka.ms/nuget-package-source-mapping) or specify a single package source. The following sources are defined: nuget.org, sbssnl_nuget, teapot_nuget, dot-net-plugins [C:\Development\ProtobuffEncoder\ProtobuffEncoder.slnx]
C:\Development\ProtobuffEncoder\demos\Setup\Normal\WebSockets\ProtobuffEncoder.Demo.Setup.Normal.WebSockets.csproj : warning NU1507: There are 4 package sources defined in your configuration. When using central package management, please map your package sources with package source mapping (https://aka.ms/nuget-package-source-mapping) or specify a single package source. The following sources are defined: nuget.org, sbssnl_nuget, teapot_nuget, dot-net-plugins [C:\Development\ProtobuffEncoder\ProtobuffEncoder.slnx]
C:\Development\ProtobuffEncoder\tests\ProtobuffEncoder.WebSockets.Tests\ProtobuffEncoder.WebSockets.Tests.csproj : warning NU1507: There are 4 package sources defined in your configuration. When using central package management, please map your package sources with package source mapping (https://aka.ms/nuget-package-source-mapping) or specify a single package source. The following sources are defined: nuget.org, sbssnl_nuget, teapot_nuget, dot-net-plugins [C:\Development\ProtobuffEncoder\ProtobuffEncoder.slnx]
C:\Development\ProtobuffEncoder\demos\Setup\Simple\Rest\ProtobuffEncoder.Demo.Setup.Simple.Rest.csproj : warning NU1507: There are 4 package sources defined in your configuration. When using central package management, please map your package sources with package source mapping (https://aka.ms/nuget-package-source-mapping) or specify a single package source. The following sources are defined: nuget.org, sbssnl_nuget, teapot_nuget, dot-net-plugins [C:\Development\ProtobuffEncoder\ProtobuffEncoder.slnx]
C:\Development\ProtobuffEncoder\tools\ProtobuffEncoder.Tool\ProtobuffEncoder.Tool.csproj : warning NU1507: There are 4 package sources defined in your configuration. When using central package management, please map your package sources with package source mapping (https://aka.ms/nuget-package-source-mapping) or specify a single package source. The following sources are defined: nuget.org, sbssnl_nuget, teapot_nuget, dot-net-plugins [C:\Development\ProtobuffEncoder\ProtobuffEncoder.slnx]
C:\Development\ProtobuffEncoder\demos\Setup\Simple\Grpc\ProtobuffEncoder.Demo.Setup.Simple.Grpc.csproj : warning NU1507: There are 4 package sources defined in your configuration. When using central package management, please map your package sources with package source mapping (https://aka.ms/nuget-package-source-mapping) or specify a single package source. The following sources are defined: nuget.org, sbssnl_nuget, teapot_nuget, dot-net-plugins [C:\Development\ProtobuffEncoder\ProtobuffEncoder.slnx]
C:\Development\ProtobuffEncoder\tests\ProtobuffEncoder.AspNetCore.Tests\ProtobuffEncoder.AspNetCore.Tests.csproj : warning NU1507: There are 4 package sources defined in your configuration. When using central package management, please map your package sources with package source mapping (https://aka.ms/nuget-package-source-mapping) or specify a single package source. The following sources are defined: nuget.org, sbssnl_nuget, teapot_nuget, dot-net-plugins [C:\Development\ProtobuffEncoder\ProtobuffEncoder.slnx]
C:\Development\ProtobuffEncoder\demos\ProtobuffEncoder.Demo.Api.Receiver\ProtobuffEncoder.Demo.Api.Receiver.csproj : warning NU1507: There are 4 package sources defined in your configuration. When using central package management, please map your package sources with package source mapping (https://aka.ms/nuget-package-source-mapping) or specify a single package source. The following sources are defined: nuget.org, sbssnl_nuget, teapot_nuget, dot-net-plugins [C:\Development\ProtobuffEncoder\ProtobuffEncoder.slnx]
C:\Development\ProtobuffEncoder\demos\Setup\Normal\Grpc\ProtobuffEncoder.Demo.Setup.Normal.Grpc.csproj : warning NU1507: There are 4 package sources defined in your configuration. When using central package management, please map your package sources with package source mapping (https://aka.ms/nuget-package-source-mapping) or specify a single package source. The following sources are defined: nuget.org, sbssnl_nuget, teapot_nuget, dot-net-plugins [C:\Development\ProtobuffEncoder\ProtobuffEncoder.slnx]
C:\Development\ProtobuffEncoder\demos\ProtobuffEncoder.Demo.Api.Sender\ProtobuffEncoder.Demo.Api.Sender.csproj : warning NU1507: There are 4 package sources defined in your configuration. When using central package management, please map your package sources with package source mapping (https://aka.ms/nuget-package-source-mapping) or specify a single package source. The following sources are defined: nuget.org, sbssnl_nuget, teapot_nuget, dot-net-plugins [C:\Development\ProtobuffEncoder\ProtobuffEncoder.slnx]
C:\Development\ProtobuffEncoder\demos\Setup\Simple\WebSockets\ProtobuffEncoder.Demo.Setup.Simple.WebSockets.csproj : warning NU1507: There are 4 package sources defined in your configuration. When using central package management, please map your package sources with package source mapping (https://aka.ms/nuget-package-source-mapping) or specify a single package source. The following sources are defined: nuget.org, sbssnl_nuget, teapot_nuget, dot-net-plugins [C:\Development\ProtobuffEncoder\ProtobuffEncoder.slnx]
C:\Development\ProtobuffEncoder\src\ProtobuffEncoder.Analyzers\ProtobuffEncoder.Analyzers.csproj : warning NU1507: There are 4 package sources defined in your configuration. When using central package management, please map your package sources with package source mapping (https://aka.ms/nuget-package-source-mapping) or specify a single package source. The following sources are defined: nuget.org, sbssnl_nuget, teapot_nuget, dot-net-plugins [C:\Development\ProtobuffEncoder\ProtobuffEncoder.slnx]
C:\Development\ProtobuffEncoder\templates\ProtobuffEncoder.Template.Normal\ProtobuffEncoder.Template.Normal.csproj : warning NU1507: There are 4 package sources defined in your configuration. When using central package management, please map your package sources with package source mapping (https://aka.ms/nuget-package-source-mapping) or specify a single package source. The following sources are defined: nuget.org, sbssnl_nuget, teapot_nuget, dot-net-plugins [C:\Development\ProtobuffEncoder\ProtobuffEncoder.slnx]
C:\Development\ProtobuffEncoder\demos\ProtobuffEncoder.Demo.Console\ProtobuffEncoder.Demo.Console.csproj : warning NU1507: There are 4 package sources defined in your configuration. When using central package management, please map your package sources with package source mapping (https://aka.ms/nuget-package-source-mapping) or specify a single package source. The following sources are defined: nuget.org, sbssnl_nuget, teapot_nuget, dot-net-plugins [C:\Development\ProtobuffEncoder\ProtobuffEncoder.slnx]
C:\Development\ProtobuffEncoder\demos\Setup\Advanced\Rest\ProtobuffEncoder.Demo.Setup.Advanced.Rest.csproj : warning NU1507: There are 4 package sources defined in your configuration. When using central package management, please map your package sources with package source mapping (https://aka.ms/nuget-package-source-mapping) or specify a single package source. The following sources are defined: nuget.org, sbssnl_nuget, teapot_nuget, dot-net-plugins [C:\Development\ProtobuffEncoder\ProtobuffEncoder.slnx]
C:\Development\ProtobuffEncoder\demos\ProtobuffEncoder.Demo.Bidirectional.Client\ProtobuffEncoder.Demo.Bidirectional.Client.csproj : warning NU1507: There are 4 package sources defined in your configuration. When using central package management, please map your package sources with package source mapping (https://aka.ms/nuget-package-source-mapping) or specify a single package source. The following sources are defined: nuget.org, sbssnl_nuget, teapot_nuget, dot-net-plugins [C:\Development\ProtobuffEncoder\ProtobuffEncoder.slnx]
C:\Development\ProtobuffEncoder\benchmarks\ProtobuffEncoder.Benchmarks\ProtobuffEncoder.Benchmarks.csproj : warning NU1507: There are 4 package sources defined in your configuration. When using central package management, please map your package sources with package source mapping (https://aka.ms/nuget-package-source-mapping) or specify a single package source. The following sources are defined: nuget.org, sbssnl_nuget, teapot_nuget, dot-net-plugins [C:\Development\ProtobuffEncoder\ProtobuffEncoder.slnx]
C:\Development\ProtobuffEncoder\tests\ProtobuffEncoder.Analyzers.Tests\ProtobuffEncoder.Analyzers.Tests.csproj : warning NU1507: There are 4 package sources defined in your configuration. When using central package management, please map your package sources with package source mapping (https://aka.ms/nuget-package-source-mapping) or specify a single package source. The following sources are defined: nuget.org, sbssnl_nuget, teapot_nuget, dot-net-plugins [C:\Development\ProtobuffEncoder\ProtobuffEncoder.slnx]
C:\Development\ProtobuffEncoder\tests\ProtobuffEncoder.Analyzers.Tests\ProtobuffEncoder.Analyzers.Tests.csproj : warning NU1701: Package 'Microsoft.CodeAnalysis.CSharp.Workspaces 1.0.1' was restored using '.NETFramework,Version=v4.6.1, .NETFramework,Version=v4.6.2, .NETFramework,Version=v4.7, .NETFramework,Version=v4.7.1, .NETFramework,Version=v4.7.2, .NETFramework,Version=v4.8, .NETFramework,Version=v4.8.1' instead of the project target framework 'net10.0'. This package may not be fully compatible with your project. [C:\Development\ProtobuffEncoder\ProtobuffEncoder.slnx]
C:\Development\ProtobuffEncoder\tests\ProtobuffEncoder.Analyzers.Tests\ProtobuffEncoder.Analyzers.Tests.csproj : warning NU1701: Package 'Microsoft.CodeAnalysis.Workspaces.Common 1.0.1' was restored using '.NETFramework,Version=v4.6.1, .NETFramework,Version=v4.6.2, .NETFramework,Version=v4.7, .NETFramework,Version=v4.7.1, .NETFramework,Version=v4.7.2, .NETFramework,Version=v4.8, .NETFramework,Version=v4.8.1' instead of the project target framework 'net10.0'. This package may not be fully compatible with your project. [C:\Development\ProtobuffEncoder\ProtobuffEncoder.slnx]
C:\Development\ProtobuffEncoder\tests\ProtobuffEncoder.Analyzers.Tests\ProtobuffEncoder.Analyzers.Tests.csproj : warning NU1701: Package 'Microsoft.Composition 1.0.27' was restored using '.NETFramework,Version=v4.6.1, .NETFramework,Version=v4.6.2, .NETFramework,Version=v4.7, .NETFramework,Version=v4.7.1, .NETFramework,Version=v4.7.2, .NETFramework,Version=v4.8, .NETFramework,Version=v4.8.1' instead of the project target framework 'net10.0'. This package may not be fully compatible with your project. [C:\Development\ProtobuffEncoder\ProtobuffEncoder.slnx]
C:\Development\ProtobuffEncoder\templates\ProtobuffEncoder.Template.Advanced\ProtobuffEncoder.Template.Advanced.csproj : warning NU1507: There are 4 package sources defined in your configuration. When using central package management, please map your package sources with package source mapping (https://aka.ms/nuget-package-source-mapping) or specify a single package source. The following sources are defined: nuget.org, sbssnl_nuget, teapot_nuget, dot-net-plugins [C:\Development\ProtobuffEncoder\ProtobuffEncoder.slnx]
C:\Development\ProtobuffEncoder\src\ProtobuffEncoder\ProtobuffEncoder.csproj : warning NU1507: There are 4 package sources defined in your configuration. When using central package management, please map your package sources with package source mapping (https://aka.ms/nuget-package-source-mapping) or specify a single package source. The following sources are defined: nuget.org, sbssnl_nuget, teapot_nuget, dot-net-plugins [C:\Development\ProtobuffEncoder\ProtobuffEncoder.slnx]
C:\Development\ProtobuffEncoder\src\ProtobuffEncoder.WebSockets\ProtobuffEncoder.WebSockets.csproj : warning NU1507: There are 4 package sources defined in your configuration. When using central package management, please map your package sources with package source mapping (https://aka.ms/nuget-package-source-mapping) or specify a single package source. The following sources are defined: nuget.org, sbssnl_nuget, teapot_nuget, dot-net-plugins [C:\Development\ProtobuffEncoder\ProtobuffEncoder.slnx]
C:\Development\ProtobuffEncoder\tests\ProtobuffEncoder.Tests\ProtobuffEncoder.Tests.csproj : warning NU1507: There are 4 package sources defined in your configuration. When using central package management, please map your package sources with package source mapping (https://aka.ms/nuget-package-source-mapping) or specify a single package source. The following sources are defined: nuget.org, sbssnl_nuget, teapot_nuget, dot-net-plugins [C:\Development\ProtobuffEncoder\ProtobuffEncoder.slnx]
C:\Development\ProtobuffEncoder\src\ProtobuffEncoder.Contracts\ProtobuffEncoder.Contracts.csproj : warning NU1507: There are 4 package sources defined in your configuration. When using central package management, please map your package sources with package source mapping (https://aka.ms/nuget-package-source-mapping) or specify a single package source. The following sources are defined: nuget.org, sbssnl_nuget, teapot_nuget, dot-net-plugins [C:\Development\ProtobuffEncoder\ProtobuffEncoder.slnx]
C:\Development\ProtobuffEncoder\src\ProtobuffEncoder.Grpc\ProtobuffEncoder.Grpc.csproj : warning NU1507: There are 4 package sources defined in your configuration. When using central package management, please map your package sources with package source mapping (https://aka.ms/nuget-package-source-mapping) or specify a single package source. The following sources are defined: nuget.org, sbssnl_nuget, teapot_nuget, dot-net-plugins [C:\Development\ProtobuffEncoder\ProtobuffEncoder.slnx]
C:\Development\ProtobuffEncoder\demos\ProtobuffEncoder.Demo.SchemaGen\ProtobuffEncoder.Demo.SchemaGen.csproj : warning NU1507: There are 4 package sources defined in your configuration. When using central package management, please map your package sources with package source mapping (https://aka.ms/nuget-package-source-mapping) or specify a single package source. The following sources are defined: nuget.org, sbssnl_nuget, teapot_nuget, dot-net-plugins [C:\Development\ProtobuffEncoder\ProtobuffEncoder.slnx]
C:\Development\ProtobuffEncoder\demos\Setup\Shared\ProtobuffEncoder.Demo.Setup.Shared.csproj : warning NU1507: There are 4 package sources defined in your configuration. When using central package management, please map your package sources with package source mapping (https://aka.ms/nuget-package-source-mapping) or specify a single package source. The following sources are defined: nuget.org, sbssnl_nuget, teapot_nuget, dot-net-plugins [C:\Development\ProtobuffEncoder\ProtobuffEncoder.slnx]
C:\Development\ProtobuffEncoder\tests\ProtobuffEncoder.Tool.Tests\ProtobuffEncoder.Tool.Tests.csproj : warning NU1507: There are 4 package sources defined in your configuration. When using central package management, please map your package sources with package source mapping (https://aka.ms/nuget-package-source-mapping) or specify a single package source. The following sources are defined: nuget.org, sbssnl_nuget, teapot_nuget, dot-net-plugins [C:\Development\ProtobuffEncoder\ProtobuffEncoder.slnx]
C:\Development\ProtobuffEncoder\demos\Setup\Advanced\WebSockets\ProtobuffEncoder.Demo.Setup.Advanced.WebSockets.csproj : warning NU1507: There are 4 package sources defined in your configuration. When using central package management, please map your package sources with package source mapping (https://aka.ms/nuget-package-source-mapping) or specify a single package source. The following sources are defined: nuget.org, sbssnl_nuget, teapot_nuget, dot-net-plugins [C:\Development\ProtobuffEncoder\ProtobuffEncoder.slnx]
C:\Development\ProtobuffEncoder\tests\ProtobuffEncoder.Grpc.Tests\ProtobuffEncoder.Grpc.Tests.csproj : warning NU1507: There are 4 package sources defined in your configuration. When using central package management, please map your package sources with package source mapping (https://aka.ms/nuget-package-source-mapping) or specify a single package source. The following sources are defined: nuget.org, sbssnl_nuget, teapot_nuget, dot-net-plugins [C:\Development\ProtobuffEncoder\ProtobuffEncoder.slnx]
C:\Development\ProtobuffEncoder\demos\ProtobuffEncoder.Demo.Bidirectional.Server\ProtobuffEncoder.Demo.Bidirectional.Server.csproj : warning NU1507: There are 4 package sources defined in your configuration. When using central package management, please map your package sources with package source mapping (https://aka.ms/nuget-package-source-mapping) or specify a single package source. The following sources are defined: nuget.org, sbssnl_nuget, teapot_nuget, dot-net-plugins [C:\Development\ProtobuffEncoder\ProtobuffEncoder.slnx]
C:\Development\ProtobuffEncoder\demos\ProtobuffEncoder.Demo.Grpc.Client\ProtobuffEncoder.Demo.Grpc.Client.csproj : warning NU1507: There are 4 package sources defined in your configuration. When using central package management, please map your package sources with package source mapping (https://aka.ms/nuget-package-source-mapping) or specify a single package source. The following sources are defined: nuget.org, sbssnl_nuget, teapot_nuget, dot-net-plugins [C:\Development\ProtobuffEncoder\ProtobuffEncoder.slnx]
C:\Development\ProtobuffEncoder\demos\ProtobuffEncoder.Demo.Grpc.Server\ProtobuffEncoder.Demo.Grpc.Server.csproj : warning NU1507: There are 4 package sources defined in your configuration. When using central package management, please map your package sources with package source mapping (https://aka.ms/nuget-package-source-mapping) or specify a single package source. The following sources are defined: nuget.org, sbssnl_nuget, teapot_nuget, dot-net-plugins [C:\Development\ProtobuffEncoder\ProtobuffEncoder.slnx]
C:\Development\ProtobuffEncoder\src\ProtobuffEncoder.AspNetCore\ProtobuffEncoder.AspNetCore.csproj : warning NU1507: There are 4 package sources defined in your configuration. When using central package management, please map your package sources with package source mapping (https://aka.ms/nuget-package-source-mapping) or specify a single package source. The following sources are defined: nuget.org, sbssnl_nuget, teapot_nuget, dot-net-plugins [C:\Development\ProtobuffEncoder\ProtobuffEncoder.slnx]
C:\Development\ProtobuffEncoder\demos\ProtobuffEncoder.Demo.Console\ProtobuffEncoder.Demo.Console.csproj : warning NU1507: There are 4 package sources defined in your configuration. When using central package management, please map your package sources with package source mapping (https://aka.ms/nuget-package-source-mapping) or specify a single package source. The following sources are defined: nuget.org, sbssnl_nuget, teapot_nuget, dot-net-plugins
C:\Development\ProtobuffEncoder\demos\Setup\Shared\ProtobuffEncoder.Demo.Setup.Shared.csproj : warning NU1507: There are 4 package sources defined in your configuration. When using central package management, please map your package sources with package source mapping (https://aka.ms/nuget-package-source-mapping) or specify a single package source. The following sources are defined: nuget.org, sbssnl_nuget, teapot_nuget, dot-net-plugins
C:\Development\ProtobuffEncoder\demos\ProtobuffEncoder.Demo.Bidirectional.Client\ProtobuffEncoder.Demo.Bidirectional.Client.csproj : warning NU1507: There are 4 package sources defined in your configuration. When using central package management, please map your package sources with package source mapping (https://aka.ms/nuget-package-source-mapping) or specify a single package source. The following sources are defined: nuget.org, sbssnl_nuget, teapot_nuget, dot-net-plugins
C:\Development\ProtobuffEncoder\demos\ProtobuffEncoder.Demo.SchemaGen\ProtobuffEncoder.Demo.SchemaGen.csproj : warning NU1507: There are 4 package sources defined in your configuration. When using central package management, please map your package sources with package source mapping (https://aka.ms/nuget-package-source-mapping) or specify a single package source. The following sources are defined: nuget.org, sbssnl_nuget, teapot_nuget, dot-net-plugins
C:\Development\ProtobuffEncoder\demos\ProtobuffEncoder.Demo.Grpc.Client\ProtobuffEncoder.Demo.Grpc.Client.csproj : warning NU1507: There are 4 package sources defined in your configuration. When using central package management, please map your package sources with package source mapping (https://aka.ms/nuget-package-source-mapping) or specify a single package source. The following sources are defined: nuget.org, sbssnl_nuget, teapot_nuget, dot-net-plugins
C:\Development\ProtobuffEncoder\demos\ProtobuffEncoder.Demo.Api.Sender\ProtobuffEncoder.Demo.Api.Sender.csproj : warning NU1507: There are 4 package sources defined in your configuration. When using central package management, please map your package sources with package source mapping (https://aka.ms/nuget-package-source-mapping) or specify a single package source. The following sources are defined: nuget.org, sbssnl_nuget, teapot_nuget, dot-net-plugins
C:\Development\ProtobuffEncoder\demos\Setup\Advanced\Rest\ProtobuffEncoder.Demo.Setup.Advanced.Rest.csproj : warning NU1507: There are 4 package sources defined in your configuration. When using central package management, please map your package sources with package source mapping (https://aka.ms/nuget-package-source-mapping) or specify a single package source. The following sources are defined: nuget.org, sbssnl_nuget, teapot_nuget, dot-net-plugins
C:\Development\ProtobuffEncoder\demos\ProtobuffEncoder.Demo.Grpc.Server\ProtobuffEncoder.Demo.Grpc.Server.csproj : warning NU1507: There are 4 package sources defined in your configuration. When using central package management, please map your package sources with package source mapping (https://aka.ms/nuget-package-source-mapping) or specify a single package source. The following sources are defined: nuget.org, sbssnl_nuget, teapot_nuget, dot-net-plugins
C:\Development\ProtobuffEncoder\demos\Setup\Normal\Grpc\ProtobuffEncoder.Demo.Setup.Normal.Grpc.csproj : warning NU1507: There are 4 package sources defined in your configuration. When using central package management, please map your package sources with package source mapping (https://aka.ms/nuget-package-source-mapping) or specify a single package source. The following sources are defined: nuget.org, sbssnl_nuget, teapot_nuget, dot-net-plugins
C:\Development\ProtobuffEncoder\demos\Setup\Simple\Grpc\ProtobuffEncoder.Demo.Setup.Simple.Grpc.csproj : warning NU1507: There are 4 package sources defined in your configuration. When using central package management, please map your package sources with package source mapping (https://aka.ms/nuget-package-source-mapping) or specify a single package source. The following sources are defined: nuget.org, sbssnl_nuget, teapot_nuget, dot-net-plugins
C:\Development\ProtobuffEncoder\demos\ProtobuffEncoder.Demo.Api.Receiver\ProtobuffEncoder.Demo.Api.Receiver.csproj : warning NU1507: There are 4 package sources defined in your configuration. When using central package management, please map your package sources with package source mapping (https://aka.ms/nuget-package-source-mapping) or specify a single package source. The following sources are defined: nuget.org, sbssnl_nuget, teapot_nuget, dot-net-plugins
C:\Development\ProtobuffEncoder\demos\ProtobuffEncoder.Demo.Bidirectional.Server\ProtobuffEncoder.Demo.Bidirectional.Server.csproj : warning NU1507: There are 4 package sources defined in your configuration. When using central package management, please map your package sources with package source mapping (https://aka.ms/nuget-package-source-mapping) or specify a single package source. The following sources are defined: nuget.org, sbssnl_nuget, teapot_nuget, dot-net-plugins
C:\Development\ProtobuffEncoder\demos\Setup\Normal\WebSockets\ProtobuffEncoder.Demo.Setup.Normal.WebSockets.csproj : warning NU1507: There are 4 package sources defined in your configuration. When using central package management, please map your package sources with package source mapping (https://aka.ms/nuget-package-source-mapping) or specify a single package source. The following sources are defined: nuget.org, sbssnl_nuget, teapot_nuget, dot-net-plugins
C:\Development\ProtobuffEncoder\demos\Setup\Advanced\WebSockets\ProtobuffEncoder.Demo.Setup.Advanced.WebSockets.csproj : warning NU1507: There are 4 package sources defined in your configuration. When using central package management, please map your package sources with package source mapping (https://aka.ms/nuget-package-source-mapping) or specify a single package source. The following sources are defined: nuget.org, sbssnl_nuget, teapot_nuget, dot-net-plugins
C:\Development\ProtobuffEncoder\demos\Setup\Simple\WebSockets\ProtobuffEncoder.Demo.Setup.Simple.WebSockets.csproj : warning NU1507: There are 4 package sources defined in your configuration. When using central package management, please map your package sources with package source mapping (https://aka.ms/nuget-package-source-mapping) or specify a single package source. The following sources are defined: nuget.org, sbssnl_nuget, teapot_nuget, dot-net-plugins
C:\Development\ProtobuffEncoder\demos\Setup\Normal\Rest\ProtobuffEncoder.Demo.Setup.Normal.Rest.csproj : warning NU1507: There are 4 package sources defined in your configuration. When using central package management, please map your package sources with package source mapping (https://aka.ms/nuget-package-source-mapping) or specify a single package source. The following sources are defined: nuget.org, sbssnl_nuget, teapot_nuget, dot-net-plugins
C:\Development\ProtobuffEncoder\demos\Setup\Simple\Rest\ProtobuffEncoder.Demo.Setup.Simple.Rest.csproj : warning NU1507: There are 4 package sources defined in your configuration. When using central package management, please map your package sources with package source mapping (https://aka.ms/nuget-package-source-mapping) or specify a single package source. The following sources are defined: nuget.org, sbssnl_nuget, teapot_nuget, dot-net-plugins
C:\Development\ProtobuffEncoder\benchmarks\ProtobuffEncoder.Benchmarks\ProtobuffEncoder.Benchmarks.csproj : warning NU1507: There are 4 package sources defined in your configuration. When using central package management, please map your package sources with package source mapping (https://aka.ms/nuget-package-source-mapping) or specify a single package source. The following sources are defined: nuget.org, sbssnl_nuget, teapot_nuget, dot-net-plugins [TargetFramework=net10.0]
C:\Development\ProtobuffEncoder\demos\Setup\Advanced\Grpc\ProtobuffEncoder.Demo.Setup.Advanced.Grpc.csproj : warning NU1507: There are 4 package sources defined in your configuration. When using central package management, please map your package sources with package source mapping (https://aka.ms/nuget-package-source-mapping) or specify a single package source. The following sources are defined: nuget.org, sbssnl_nuget, teapot_nuget, dot-net-plugins
C:\Development\ProtobuffEncoder\src\ProtobuffEncoder.Analyzers\ProtobuffEncoder.Analyzers.csproj : warning NU1507: There are 4 package sources defined in your configuration. When using central package management, please map your package sources with package source mapping (https://aka.ms/nuget-package-source-mapping) or specify a single package source. The following sources are defined: nuget.org, sbssnl_nuget, teapot_nuget, dot-net-plugins
C:\Development\ProtobuffEncoder\benchmarks\ProtobuffEncoder.Benchmarks\ProtobuffEncoder.Benchmarks.csproj : warning NU1507: There are 4 package sources defined in your configuration. When using central package management, please map your package sources with package source mapping (https://aka.ms/nuget-package-source-mapping) or specify a single package source. The following sources are defined: nuget.org, sbssnl_nuget, teapot_nuget, dot-net-plugins [TargetFramework=net9.0]
C:\Development\ProtobuffEncoder\src\ProtobuffEncoder.WebSockets\ProtobuffEncoder.WebSockets.csproj : warning NU1507: There are 4 package sources defined in your configuration. When using central package management, please map your package sources with package source mapping (https://aka.ms/nuget-package-source-mapping) or specify a single package source. The following sources are defined: nuget.org, sbssnl_nuget, teapot_nuget, dot-net-plugins [TargetFramework=net10.0]
C:\Development\ProtobuffEncoder\templates\ProtobuffEncoder.Template.Advanced\ProtobuffEncoder.Template.Advanced.csproj : warning NU1507: There are 4 package sources defined in your configuration. When using central package management, please map your package sources with package source mapping (https://aka.ms/nuget-package-source-mapping) or specify a single package source. The following sources are defined: nuget.org, sbssnl_nuget, teapot_nuget, dot-net-plugins
C:\Development\ProtobuffEncoder\src\ProtobuffEncoder.WebSockets\ProtobuffEncoder.WebSockets.csproj : warning NU1507: There are 4 package sources defined in your configuration. When using central package management, please map your package sources with package source mapping (https://aka.ms/nuget-package-source-mapping) or specify a single package source. The following sources are defined: nuget.org, sbssnl_nuget, teapot_nuget, dot-net-plugins [TargetFramework=net8.0]
C:\Development\ProtobuffEncoder\templates\ProtobuffEncoder.Template.Normal\ProtobuffEncoder.Template.Normal.csproj : warning NU1507: There are 4 package sources defined in your configuration. When using central package management, please map your package sources with package source mapping (https://aka.ms/nuget-package-source-mapping) or specify a single package source. The following sources are defined: nuget.org, sbssnl_nuget, teapot_nuget, dot-net-plugins
C:\Development\ProtobuffEncoder\benchmarks\ProtobuffEncoder.Benchmarks\ProtobuffEncoder.Benchmarks.csproj : warning NU1507: There are 4 package sources defined in your configuration. When using central package management, please map your package sources with package source mapping (https://aka.ms/nuget-package-source-mapping) or specify a single package source. The following sources are defined: nuget.org, sbssnl_nuget, teapot_nuget, dot-net-plugins [TargetFramework=net8.0]
C:\Development\ProtobuffEncoder\src\ProtobuffEncoder\ProtobuffEncoder.csproj : warning NU1507: There are 4 package sources defined in your configuration. When using central package management, please map your package sources with package source mapping (https://aka.ms/nuget-package-source-mapping) or specify a single package source. The following sources are defined: nuget.org, sbssnl_nuget, teapot_nuget, dot-net-plugins [TargetFramework=net10.0]
C:\Development\ProtobuffEncoder\src\ProtobuffEncoder.AspNetCore\ProtobuffEncoder.AspNetCore.csproj : warning NU1507: There are 4 package sources defined in your configuration. When using central package management, please map your package sources with package source mapping (https://aka.ms/nuget-package-source-mapping) or specify a single package source. The following sources are defined: nuget.org, sbssnl_nuget, teapot_nuget, dot-net-plugins [TargetFramework=net10.0]
C:\Development\ProtobuffEncoder\src\ProtobuffEncoder.AspNetCore\ProtobuffEncoder.AspNetCore.csproj : warning NU1507: There are 4 package sources defined in your configuration. When using central package management, please map your package sources with package source mapping (https://aka.ms/nuget-package-source-mapping) or specify a single package source. The following sources are defined: nuget.org, sbssnl_nuget, teapot_nuget, dot-net-plugins [TargetFramework=net9.0]
C:\Development\ProtobuffEncoder\templates\ProtobuffEncoder.Template.Simple\ProtobuffEncoder.Template.Simple.csproj : warning NU1507: There are 4 package sources defined in your configuration. When using central package management, please map your package sources with package source mapping (https://aka.ms/nuget-package-source-mapping) or specify a single package source. The following sources are defined: nuget.org, sbssnl_nuget, teapot_nuget, dot-net-plugins
C:\Development\ProtobuffEncoder\src\ProtobuffEncoder.Grpc\ProtobuffEncoder.Grpc.csproj : warning NU1507: There are 4 package sources defined in your configuration. When using central package management, please map your package sources with package source mapping (https://aka.ms/nuget-package-source-mapping) or specify a single package source. The following sources are defined: nuget.org, sbssnl_nuget, teapot_nuget, dot-net-plugins [TargetFramework=net10.0]
C:\Development\ProtobuffEncoder\tests\ProtobuffEncoder.AspNetCore.Tests\ProtobuffEncoder.AspNetCore.Tests.csproj : warning NU1507: There are 4 package sources defined in your configuration. When using central package management, please map your package sources with package source mapping (https://aka.ms/nuget-package-source-mapping) or specify a single package source. The following sources are defined: nuget.org, sbssnl_nuget, teapot_nuget, dot-net-plugins [TargetFramework=net9.0]
C:\Development\ProtobuffEncoder\tests\ProtobuffEncoder.AspNetCore.Tests\ProtobuffEncoder.AspNetCore.Tests.csproj : warning NU1507: There are 4 package sources defined in your configuration. When using central package management, please map your package sources with package source mapping (https://aka.ms/nuget-package-source-mapping) or specify a single package source. The following sources are defined: nuget.org, sbssnl_nuget, teapot_nuget, dot-net-plugins [TargetFramework=net10.0]
C:\Development\ProtobuffEncoder\tests\ProtobuffEncoder.Analyzers.Tests\ProtobuffEncoder.Analyzers.Tests.csproj : warning NU1507: There are 4 package sources defined in your configuration. When using central package management, please map your package sources with package source mapping (https://aka.ms/nuget-package-source-mapping) or specify a single package source. The following sources are defined: nuget.org, sbssnl_nuget, teapot_nuget, dot-net-plugins [TargetFramework=net8.0]
C:\Development\ProtobuffEncoder\tests\ProtobuffEncoder.Analyzers.Tests\ProtobuffEncoder.Analyzers.Tests.csproj : warning NU1701: Package 'Microsoft.CodeAnalysis.CSharp.Workspaces 1.0.1' was restored using '.NETFramework,Version=v4.6.1, .NETFramework,Version=v4.6.2, .NETFramework,Version=v4.7, .NETFramework,Version=v4.7.1, .NETFramework,Version=v4.7.2, .NETFramework,Version=v4.8, .NETFramework,Version=v4.8.1' instead of the project target framework 'net10.0'. This package may not be fully compatible with your project. [TargetFramework=net8.0]
C:\Development\ProtobuffEncoder\tests\ProtobuffEncoder.Analyzers.Tests\ProtobuffEncoder.Analyzers.Tests.csproj : warning NU1701: Package 'Microsoft.CodeAnalysis.Workspaces.Common 1.0.1' was restored using '.NETFramework,Version=v4.6.1, .NETFramework,Version=v4.6.2, .NETFramework,Version=v4.7, .NETFramework,Version=v4.7.1, .NETFramework,Version=v4.7.2, .NETFramework,Version=v4.8, .NETFramework,Version=v4.8.1' instead of the project target framework 'net10.0'. This package may not be fully compatible with your project. [TargetFramework=net8.0]
C:\Development\ProtobuffEncoder\tests\ProtobuffEncoder.Analyzers.Tests\ProtobuffEncoder.Analyzers.Tests.csproj : warning NU1701: Package 'Microsoft.Composition 1.0.27' was restored using '.NETFramework,Version=v4.6.1, .NETFramework,Version=v4.6.2, .NETFramework,Version=v4.7, .NETFramework,Version=v4.7.1, .NETFramework,Version=v4.7.2, .NETFramework,Version=v4.8, .NETFramework,Version=v4.8.1' instead of the project target framework 'net10.0'. This package may not be fully compatible with your project. [TargetFramework=net8.0]
C:\Development\ProtobuffEncoder\tests\ProtobuffEncoder.AspNetCore.Tests\ProtobuffEncoder.AspNetCore.Tests.csproj : warning NU1507: There are 4 package sources defined in your configuration. When using central package management, please map your package sources with package source mapping (https://aka.ms/nuget-package-source-mapping) or specify a single package source. The following sources are defined: nuget.org, sbssnl_nuget, teapot_nuget, dot-net-plugins [TargetFramework=net8.0]
C:\Development\ProtobuffEncoder\tests\ProtobuffEncoder.Analyzers.Tests\ProtobuffEncoder.Analyzers.Tests.csproj : warning NU1507: There are 4 package sources defined in your configuration. When using central package management, please map your package sources with package source mapping (https://aka.ms/nuget-package-source-mapping) or specify a single package source. The following sources are defined: nuget.org, sbssnl_nuget, teapot_nuget, dot-net-plugins [TargetFramework=net9.0]
C:\Development\ProtobuffEncoder\tests\ProtobuffEncoder.Tool.Tests\ProtobuffEncoder.Tool.Tests.csproj : warning NU1507: There are 4 package sources defined in your configuration. When using central package management, please map your package sources with package source mapping (https://aka.ms/nuget-package-source-mapping) or specify a single package source. The following sources are defined: nuget.org, sbssnl_nuget, teapot_nuget, dot-net-plugins [TargetFramework=net8.0]
C:\Development\ProtobuffEncoder\tests\ProtobuffEncoder.Analyzers.Tests\ProtobuffEncoder.Analyzers.Tests.csproj : warning NU1701: Package 'Microsoft.CodeAnalysis.CSharp.Workspaces 1.0.1' was restored using '.NETFramework,Version=v4.6.1, .NETFramework,Version=v4.6.2, .NETFramework,Version=v4.7, .NETFramework,Version=v4.7.1, .NETFramework,Version=v4.7.2, .NETFramework,Version=v4.8, .NETFramework,Version=v4.8.1' instead of the project target framework 'net10.0'. This package may not be fully compatible with your project. [TargetFramework=net9.0]
C:\Development\ProtobuffEncoder\tests\ProtobuffEncoder.Analyzers.Tests\ProtobuffEncoder.Analyzers.Tests.csproj : warning NU1701: Package 'Microsoft.CodeAnalysis.Workspaces.Common 1.0.1' was restored using '.NETFramework,Version=v4.6.1, .NETFramework,Version=v4.6.2, .NETFramework,Version=v4.7, .NETFramework,Version=v4.7.1, .NETFramework,Version=v4.7.2, .NETFramework,Version=v4.8, .NETFramework,Version=v4.8.1' instead of the project target framework 'net10.0'. This package may not be fully compatible with your project. [TargetFramework=net9.0]
C:\Development\ProtobuffEncoder\tests\ProtobuffEncoder.Analyzers.Tests\ProtobuffEncoder.Analyzers.Tests.csproj : warning NU1701: Package 'Microsoft.Composition 1.0.27' was restored using '.NETFramework,Version=v4.6.1, .NETFramework,Version=v4.6.2, .NETFramework,Version=v4.7, .NETFramework,Version=v4.7.1, .NETFramework,Version=v4.7.2, .NETFramework,Version=v4.8, .NETFramework,Version=v4.8.1' instead of the project target framework 'net10.0'. This package may not be fully compatible with your project. [TargetFramework=net9.0]
C:\Development\ProtobuffEncoder\tests\ProtobuffEncoder.Tests\ProtobuffEncoder.Tests.csproj : warning NU1507: There are 4 package sources defined in your configuration. When using central package management, please map your package sources with package source mapping (https://aka.ms/nuget-package-source-mapping) or specify a single package source. The following sources are defined: nuget.org, sbssnl_nuget, teapot_nuget, dot-net-plugins [TargetFramework=net8.0]
C:\Development\ProtobuffEncoder\src\ProtobuffEncoder\ProtobuffEncoder.csproj : warning NU1507: There are 4 package sources defined in your configuration. When using central package management, please map your package sources with package source mapping (https://aka.ms/nuget-package-source-mapping) or specify a single package source. The following sources are defined: nuget.org, sbssnl_nuget, teapot_nuget, dot-net-plugins [TargetFramework=net8.0]
C:\Development\ProtobuffEncoder\tests\ProtobuffEncoder.Tests\ProtobuffEncoder.Tests.csproj : warning NU1507: There are 4 package sources defined in your configuration. When using central package management, please map your package sources with package source mapping (https://aka.ms/nuget-package-source-mapping) or specify a single package source. The following sources are defined: nuget.org, sbssnl_nuget, teapot_nuget, dot-net-plugins [TargetFramework=net9.0]
C:\Development\ProtobuffEncoder\tests\ProtobuffEncoder.Tests\ProtobuffEncoder.Tests.csproj : warning NU1507: There are 4 package sources defined in your configuration. When using central package management, please map your package sources with package source mapping (https://aka.ms/nuget-package-source-mapping) or specify a single package source. The following sources are defined: nuget.org, sbssnl_nuget, teapot_nuget, dot-net-plugins [TargetFramework=net10.0]
C:\Development\ProtobuffEncoder\src\ProtobuffEncoder.Contracts\ProtobuffEncoder.Contracts.csproj : warning NU1507: There are 4 package sources defined in your configuration. When using central package management, please map your package sources with package source mapping (https://aka.ms/nuget-package-source-mapping) or specify a single package source. The following sources are defined: nuget.org, sbssnl_nuget, teapot_nuget, dot-net-plugins [TargetFramework=net8.0]
C:\Development\ProtobuffEncoder\tests\ProtobuffEncoder.Tool.Tests\ProtobuffEncoder.Tool.Tests.csproj : warning NU1507: There are 4 package sources defined in your configuration. When using central package management, please map your package sources with package source mapping (https://aka.ms/nuget-package-source-mapping) or specify a single package source. The following sources are defined: nuget.org, sbssnl_nuget, teapot_nuget, dot-net-plugins [TargetFramework=net10.0]
C:\Development\ProtobuffEncoder\tests\ProtobuffEncoder.Tool.Tests\ProtobuffEncoder.Tool.Tests.csproj : warning NU1507: There are 4 package sources defined in your configuration. When using central package management, please map your package sources with package source mapping (https://aka.ms/nuget-package-source-mapping) or specify a single package source. The following sources are defined: nuget.org, sbssnl_nuget, teapot_nuget, dot-net-plugins [TargetFramework=net9.0]
C:\Development\ProtobuffEncoder\tests\ProtobuffEncoder.Analyzers.Tests\ProtobuffEncoder.Analyzers.Tests.csproj : warning NU1507: There are 4 package sources defined in your configuration. When using central package management, please map your package sources with package source mapping (https://aka.ms/nuget-package-source-mapping) or specify a single package source. The following sources are defined: nuget.org, sbssnl_nuget, teapot_nuget, dot-net-plugins [TargetFramework=net10.0]
C:\Development\ProtobuffEncoder\tests\ProtobuffEncoder.Analyzers.Tests\ProtobuffEncoder.Analyzers.Tests.csproj : warning NU1701: Package 'Microsoft.CodeAnalysis.CSharp.Workspaces 1.0.1' was restored using '.NETFramework,Version=v4.6.1, .NETFramework,Version=v4.6.2, .NETFramework,Version=v4.7, .NETFramework,Version=v4.7.1, .NETFramework,Version=v4.7.2, .NETFramework,Version=v4.8, .NETFramework,Version=v4.8.1' instead of the project target framework 'net10.0'. This package may not be fully compatible with your project. [TargetFramework=net10.0]
C:\Development\ProtobuffEncoder\tests\ProtobuffEncoder.Analyzers.Tests\ProtobuffEncoder.Analyzers.Tests.csproj : warning NU1701: Package 'Microsoft.CodeAnalysis.Workspaces.Common 1.0.1' was restored using '.NETFramework,Version=v4.6.1, .NETFramework,Version=v4.6.2, .NETFramework,Version=v4.7, .NETFramework,Version=v4.7.1, .NETFramework,Version=v4.7.2, .NETFramework,Version=v4.8, .NETFramework,Version=v4.8.1' instead of the project target framework 'net10.0'. This package may not be fully compatible with your project. [TargetFramework=net10.0]
C:\Development\ProtobuffEncoder\tests\ProtobuffEncoder.Analyzers.Tests\ProtobuffEncoder.Analyzers.Tests.csproj : warning NU1701: Package 'Microsoft.Composition 1.0.27' was restored using '.NETFramework,Version=v4.6.1, .NETFramework,Version=v4.6.2, .NETFramework,Version=v4.7, .NETFramework,Version=v4.7.1, .NETFramework,Version=v4.7.2, .NETFramework,Version=v4.8, .NETFramework,Version=v4.8.1' instead of the project target framework 'net10.0'. This package may not be fully compatible with your project. [TargetFramework=net10.0]
C:\Development\ProtobuffEncoder\src\ProtobuffEncoder.Grpc\ProtobuffEncoder.Grpc.csproj : warning NU1507: There are 4 package sources defined in your configuration. When using central package management, please map your package sources with package source mapping (https://aka.ms/nuget-package-source-mapping) or specify a single package source. The following sources are defined: nuget.org, sbssnl_nuget, teapot_nuget, dot-net-plugins [TargetFramework=net8.0]
C:\Development\ProtobuffEncoder\src\ProtobuffEncoder.AspNetCore\ProtobuffEncoder.AspNetCore.csproj : warning NU1507: There are 4 package sources defined in your configuration. When using central package management, please map your package sources with package source mapping (https://aka.ms/nuget-package-source-mapping) or specify a single package source. The following sources are defined: nuget.org, sbssnl_nuget, teapot_nuget, dot-net-plugins [TargetFramework=net8.0]
C:\Development\ProtobuffEncoder\src\ProtobuffEncoder\ProtobuffEncoder.csproj : warning NU1507: There are 4 package sources defined in your configuration. When using central package management, please map your package sources with package source mapping (https://aka.ms/nuget-package-source-mapping) or specify a single package source. The following sources are defined: nuget.org, sbssnl_nuget, teapot_nuget, dot-net-plugins [TargetFramework=net9.0]
C:\Development\ProtobuffEncoder\tools\ProtobuffEncoder.Tool\ProtobuffEncoder.Tool.csproj : warning NU1507: There are 4 package sources defined in your configuration. When using central package management, please map your package sources with package source mapping (https://aka.ms/nuget-package-source-mapping) or specify a single package source. The following sources are defined: nuget.org, sbssnl_nuget, teapot_nuget, dot-net-plugins [TargetFramework=net8.0]
C:\Development\ProtobuffEncoder\tools\ProtobuffEncoder.Tool\ProtobuffEncoder.Tool.csproj : warning NU1507: There are 4 package sources defined in your configuration. When using central package management, please map your package sources with package source mapping (https://aka.ms/nuget-package-source-mapping) or specify a single package source. The following sources are defined: nuget.org, sbssnl_nuget, teapot_nuget, dot-net-plugins [TargetFramework=net9.0]
C:\Development\ProtobuffEncoder\tools\ProtobuffEncoder.Tool\ProtobuffEncoder.Tool.csproj : warning NU1507: There are 4 package sources defined in your configuration. When using central package management, please map your package sources with package source mapping (https://aka.ms/nuget-package-source-mapping) or specify a single package source. The following sources are defined: nuget.org, sbssnl_nuget, teapot_nuget, dot-net-plugins [TargetFramework=net10.0]
C:\Development\ProtobuffEncoder\src\ProtobuffEncoder.Contracts\ProtobuffEncoder.Contracts.csproj : warning NU1507: There are 4 package sources defined in your configuration. When using central package management, please map your package sources with package source mapping (https://aka.ms/nuget-package-source-mapping) or specify a single package source. The following sources are defined: nuget.org, sbssnl_nuget, teapot_nuget, dot-net-plugins [TargetFramework=net10.0]
C:\Development\ProtobuffEncoder\tests\ProtobuffEncoder.WebSockets.Tests\ProtobuffEncoder.WebSockets.Tests.csproj : warning NU1507: There are 4 package sources defined in your configuration. When using central package management, please map your package sources with package source mapping (https://aka.ms/nuget-package-source-mapping) or specify a single package source. The following sources are defined: nuget.org, sbssnl_nuget, teapot_nuget, dot-net-plugins [TargetFramework=net8.0]
C:\Development\ProtobuffEncoder\src\ProtobuffEncoder.Grpc\ProtobuffEncoder.Grpc.csproj : warning NU1507: There are 4 package sources defined in your configuration. When using central package management, please map your package sources with package source mapping (https://aka.ms/nuget-package-source-mapping) or specify a single package source. The following sources are defined: nuget.org, sbssnl_nuget, teapot_nuget, dot-net-plugins [TargetFramework=net9.0]
C:\Development\ProtobuffEncoder\tests\ProtobuffEncoder.WebSockets.Tests\ProtobuffEncoder.WebSockets.Tests.csproj : warning NU1507: There are 4 package sources defined in your configuration. When using central package management, please map your package sources with package source mapping (https://aka.ms/nuget-package-source-mapping) or specify a single package source. The following sources are defined: nuget.org, sbssnl_nuget, teapot_nuget, dot-net-plugins [TargetFramework=net10.0]
C:\Development\ProtobuffEncoder\tests\ProtobuffEncoder.WebSockets.Tests\ProtobuffEncoder.WebSockets.Tests.csproj : warning NU1507: There are 4 package sources defined in your configuration. When using central package management, please map your package sources with package source mapping (https://aka.ms/nuget-package-source-mapping) or specify a single package source. The following sources are defined: nuget.org, sbssnl_nuget, teapot_nuget, dot-net-plugins [TargetFramework=net9.0]
C:\Program Files\dotnet\sdk\10.0.201\Sdks\Microsoft.NET.Sdk\targets\Microsoft.NET.Sdk.FrameworkReferenceResolution.targets(94,5): warning NETSDK1086: A FrameworkReference for 'Microsoft.AspNetCore.App' was included in the project. This is implicitly referenced by the .NET SDK and you do not typically need to reference it from your project. For more information, see https://aka.ms/sdkimplicitrefs [C:\Development\ProtobuffEncoder\tests\ProtobuffEncoder.Grpc.Tests\ProtobuffEncoder.Grpc.Tests.csproj::TargetFramework=net10.0]
C:\Program Files\dotnet\sdk\10.0.201\Sdks\Microsoft.NET.Sdk\targets\Microsoft.NET.Sdk.FrameworkReferenceResolution.targets(94,5): warning NETSDK1086: A FrameworkReference for 'Microsoft.AspNetCore.App' was included in the project. This is implicitly referenced by the .NET SDK and you do not typically need to reference it from your project. For more information, see https://aka.ms/sdkimplicitrefs [C:\Development\ProtobuffEncoder\tests\ProtobuffEncoder.Grpc.Tests\ProtobuffEncoder.Grpc.Tests.csproj::TargetFramework=net8.0]
C:\Development\ProtobuffEncoder\tests\ProtobuffEncoder.Grpc.Tests\ProtobuffEncoder.Grpc.Tests.csproj : warning NU1507: There are 4 package sources defined in your configuration. When using central package management, please map your package sources with package source mapping (https://aka.ms/nuget-package-source-mapping) or specify a single package source. The following sources are defined: nuget.org, sbssnl_nuget, teapot_nuget, dot-net-plugins [TargetFramework=net10.0]
C:\Development\ProtobuffEncoder\tests\ProtobuffEncoder.Grpc.Tests\ProtobuffEncoder.Grpc.Tests.csproj : warning NU1507: There are 4 package sources defined in your configuration. When using central package management, please map your package sources with package source mapping (https://aka.ms/nuget-package-source-mapping) or specify a single package source. The following sources are defined: nuget.org, sbssnl_nuget, teapot_nuget, dot-net-plugins [TargetFramework=net8.0]
C:\Development\ProtobuffEncoder\src\ProtobuffEncoder.Contracts\ProtobuffEncoder.Contracts.csproj : warning NU1507: There are 4 package sources defined in your configuration. When using central package management, please map your package sources with package source mapping (https://aka.ms/nuget-package-source-mapping) or specify a single package source. The following sources are defined: nuget.org, sbssnl_nuget, teapot_nuget, dot-net-plugins [TargetFramework=net9.0]
C:\Program Files\dotnet\sdk\10.0.201\Sdks\Microsoft.NET.Sdk\targets\Microsoft.NET.Sdk.FrameworkReferenceResolution.targets(94,5): warning NETSDK1086: A FrameworkReference for 'Microsoft.AspNetCore.App' was included in the project. This is implicitly referenced by the .NET SDK and you do not typically need to reference it from your project. For more information, see https://aka.ms/sdkimplicitrefs [C:\Development\ProtobuffEncoder\tests\ProtobuffEncoder.Grpc.Tests\ProtobuffEncoder.Grpc.Tests.csproj::TargetFramework=net9.0]
C:\Development\ProtobuffEncoder\tests\ProtobuffEncoder.Grpc.Tests\ProtobuffEncoder.Grpc.Tests.csproj : warning NU1507: There are 4 package sources defined in your configuration. When using central package management, please map your package sources with package source mapping (https://aka.ms/nuget-package-source-mapping) or specify a single package source. The following sources are defined: nuget.org, sbssnl_nuget, teapot_nuget, dot-net-plugins [TargetFramework=net9.0]
C:\Development\ProtobuffEncoder\src\ProtobuffEncoder.WebSockets\ProtobuffEncoder.WebSockets.csproj : warning NU1507: There are 4 package sources defined in your configuration. When using central package management, please map your package sources with package source mapping (https://aka.ms/nuget-package-source-mapping) or specify a single package source. The following sources are defined: nuget.org, sbssnl_nuget, teapot_nuget, dot-net-plugins [TargetFramework=net9.0]
C:\Development\ProtobuffEncoder\src\ProtobuffEncoder.WebSockets\WebSocketEndpointRouteBuilderExtensions.cs(59,34): error CS1061: 'ProtobufWebSocketConnection<TSend, TReceive>' does not contain a definition for 'HttpContext' and no accessible extension method 'HttpContext' accepting a first argument of type 'ProtobufWebSocketConnection<TSend, TReceive>' could be found (are you missing a using directive or an assembly reference?) [C:\Development\ProtobuffEncoder\src\ProtobuffEncoder.WebSockets\ProtobuffEncoder.WebSockets.csproj::TargetFramework=net10.0]
C:\Development\ProtobuffEncoder\src\ProtobuffEncoder.WebSockets\WebSocketEndpointRouteBuilderExtensions.cs(60,22): error CS1061: 'ProtobufWebSocketConnection<TSend, TReceive>' does not contain a definition for 'Items' and no accessible extension method 'Items' accepting a first argument of type 'ProtobufWebSocketConnection<TSend, TReceive>' could be found (are you missing a using directive or an assembly reference?) [C:\Development\ProtobuffEncoder\src\ProtobuffEncoder.WebSockets\ProtobuffEncoder.WebSockets.csproj::TargetFramework=net10.0]
C:\Development\ProtobuffEncoder\src\ProtobuffEncoder.WebSockets\WebSocketEndpointRouteBuilderExtensions.cs(62,22): error CS1061: 'ProtobufWebSocketConnection<TSend, TReceive>' does not contain a definition for 'Items' and no accessible extension method 'Items' accepting a first argument of type 'ProtobufWebSocketConnection<TSend, TReceive>' could be found (are you missing a using directive or an assembly reference?) [C:\Development\ProtobuffEncoder\src\ProtobuffEncoder.WebSockets\ProtobuffEncoder.WebSockets.csproj::TargetFramework=net10.0]
C:\Development\ProtobuffEncoder\src\ProtobuffEncoder.WebSockets\WebSocketEndpointRouteBuilderExtensions.cs(68,48): error CS1061: 'ProtobufWebSocketConnection<TSend, TReceive>' does not contain a definition for 'Items' and no accessible extension method 'Items' accepting a first argument of type 'ProtobufWebSocketConnection<TSend, TReceive>' could be found (are you missing a using directive or an assembly reference?) [C:\Development\ProtobuffEncoder\src\ProtobuffEncoder.WebSockets\ProtobuffEncoder.WebSockets.csproj::TargetFramework=net10.0]
C:\Development\ProtobuffEncoder\src\ProtobuffEncoder.WebSockets\WebSocketEndpointRouteBuilderExtensions.cs(74,26): error CS1061: 'ProtobufWebSocketConnection<TSend, TReceive>' does not contain a definition for 'Items' and no accessible extension method 'Items' accepting a first argument of type 'ProtobufWebSocketConnection<TSend, TReceive>' could be found (are you missing a using directive or an assembly reference?) [C:\Development\ProtobuffEncoder\src\ProtobuffEncoder.WebSockets\ProtobuffEncoder.WebSockets.csproj::TargetFramework=net10.0]
C:\Development\ProtobuffEncoder\src\ProtobuffEncoder.WebSockets\WebSocketEndpointRouteBuilderExtensions.cs(79,26): error CS1061: 'ProtobufWebSocketConnection<TSend, TReceive>' does not contain a definition for 'Items' and no accessible extension method 'Items' accepting a first argument of type 'ProtobufWebSocketConnection<TSend, TReceive>' could be found (are you missing a using directive or an assembly reference?) [C:\Development\ProtobuffEncoder\src\ProtobuffEncoder.WebSockets\ProtobuffEncoder.WebSockets.csproj::TargetFramework=net10.0]
C:\Development\ProtobuffEncoder\src\ProtobuffEncoder.WebSockets\WebSocketEndpointRouteBuilderExtensions.cs(87,26): error CS1061: 'ProtobufWebSocketConnection<TSend, TReceive>' does not contain a definition for 'Items' and no accessible extension method 'Items' accepting a first argument of type 'ProtobufWebSocketConnection<TSend, TReceive>' could be found (are you missing a using directive or an assembly reference?) [C:\Development\ProtobuffEncoder\src\ProtobuffEncoder.WebSockets\ProtobuffEncoder.WebSockets.csproj::TargetFramework=net10.0]
C:\Development\ProtobuffEncoder\src\ProtobuffEncoder.WebSockets\WebSocketEndpointRouteBuilderExtensions.cs(76,27): error CS0165: Use of unassigned local variable 'endpoint' [C:\Development\ProtobuffEncoder\src\ProtobuffEncoder.WebSockets\ProtobuffEncoder.WebSockets.csproj::TargetFramework=net10.0]
C:\Development\ProtobuffEncoder\src\ProtobuffEncoder.WebSockets\WebSocketEndpointRouteBuilderExtensions.cs(81,21): error CS0165: Use of unassigned local variable 'scope' [C:\Development\ProtobuffEncoder\src\ProtobuffEncoder.WebSockets\ProtobuffEncoder.WebSockets.csproj::TargetFramework=net10.0]
C:\Development\ProtobuffEncoder\src\ProtobuffEncoder.WebSockets\WebSocketEndpointRouteBuilderExtensions.cs(89,27): error CS0165: Use of unassigned local variable 'endpoint' [C:\Development\ProtobuffEncoder\src\ProtobuffEncoder.WebSockets\ProtobuffEncoder.WebSockets.csproj::TargetFramework=net10.0]
C:\Development\ProtobuffEncoder\src\ProtobuffEncoder.WebSockets\WebSocketEndpointRouteBuilderExtensions.cs(59,34): error CS1061: 'ProtobufWebSocketConnection<TSend, TReceive>' does not contain a definition for 'HttpContext' and no accessible extension method 'HttpContext' accepting a first argument of type 'ProtobufWebSocketConnection<TSend, TReceive>' could be found (are you missing a using directive or an assembly reference?) [C:\Development\ProtobuffEncoder\src\ProtobuffEncoder.WebSockets\ProtobuffEncoder.WebSockets.csproj::TargetFramework=net8.0]
C:\Development\ProtobuffEncoder\src\ProtobuffEncoder.WebSockets\WebSocketEndpointRouteBuilderExtensions.cs(60,22): error CS1061: 'ProtobufWebSocketConnection<TSend, TReceive>' does not contain a definition for 'Items' and no accessible extension method 'Items' accepting a first argument of type 'ProtobufWebSocketConnection<TSend, TReceive>' could be found (are you missing a using directive or an assembly reference?) [C:\Development\ProtobuffEncoder\src\ProtobuffEncoder.WebSockets\ProtobuffEncoder.WebSockets.csproj::TargetFramework=net8.0]
C:\Development\ProtobuffEncoder\src\ProtobuffEncoder.WebSockets\WebSocketEndpointRouteBuilderExtensions.cs(62,22): error CS1061: 'ProtobufWebSocketConnection<TSend, TReceive>' does not contain a definition for 'Items' and no accessible extension method 'Items' accepting a first argument of type 'ProtobufWebSocketConnection<TSend, TReceive>' could be found (are you missing a using directive or an assembly reference?) [C:\Development\ProtobuffEncoder\src\ProtobuffEncoder.WebSockets\ProtobuffEncoder.WebSockets.csproj::TargetFramework=net8.0]
C:\Development\ProtobuffEncoder\src\ProtobuffEncoder.WebSockets\WebSocketEndpointRouteBuilderExtensions.cs(68,48): error CS1061: 'ProtobufWebSocketConnection<TSend, TReceive>' does not contain a definition for 'Items' and no accessible extension method 'Items' accepting a first argument of type 'ProtobufWebSocketConnection<TSend, TReceive>' could be found (are you missing a using directive or an assembly reference?) [C:\Development\ProtobuffEncoder\src\ProtobuffEncoder.WebSockets\ProtobuffEncoder.WebSockets.csproj::TargetFramework=net8.0]
C:\Development\ProtobuffEncoder\src\ProtobuffEncoder.WebSockets\WebSocketEndpointRouteBuilderExtensions.cs(74,26): error CS1061: 'ProtobufWebSocketConnection<TSend, TReceive>' does not contain a definition for 'Items' and no accessible extension method 'Items' accepting a first argument of type 'ProtobufWebSocketConnection<TSend, TReceive>' could be found (are you missing a using directive or an assembly reference?) [C:\Development\ProtobuffEncoder\src\ProtobuffEncoder.WebSockets\ProtobuffEncoder.WebSockets.csproj::TargetFramework=net8.0]
C:\Development\ProtobuffEncoder\src\ProtobuffEncoder.WebSockets\WebSocketEndpointRouteBuilderExtensions.cs(79,26): error CS1061: 'ProtobufWebSocketConnection<TSend, TReceive>' does not contain a definition for 'Items' and no accessible extension method 'Items' accepting a first argument of type 'ProtobufWebSocketConnection<TSend, TReceive>' could be found (are you missing a using directive or an assembly reference?) [C:\Development\ProtobuffEncoder\src\ProtobuffEncoder.WebSockets\ProtobuffEncoder.WebSockets.csproj::TargetFramework=net8.0]
C:\Development\ProtobuffEncoder\src\ProtobuffEncoder.WebSockets\WebSocketEndpointRouteBuilderExtensions.cs(87,26): error CS1061: 'ProtobufWebSocketConnection<TSend, TReceive>' does not contain a definition for 'Items' and no accessible extension method 'Items' accepting a first argument of type 'ProtobufWebSocketConnection<TSend, TReceive>' could be found (are you missing a using directive or an assembly reference?) [C:\Development\ProtobuffEncoder\src\ProtobuffEncoder.WebSockets\ProtobuffEncoder.WebSockets.csproj::TargetFramework=net8.0]
C:\Development\ProtobuffEncoder\src\ProtobuffEncoder.WebSockets\WebSocketEndpointRouteBuilderExtensions.cs(76,27): error CS0165: Use of unassigned local variable 'endpoint' [C:\Development\ProtobuffEncoder\src\ProtobuffEncoder.WebSockets\ProtobuffEncoder.WebSockets.csproj::TargetFramework=net8.0]
C:\Development\ProtobuffEncoder\src\ProtobuffEncoder.WebSockets\WebSocketEndpointRouteBuilderExtensions.cs(81,21): error CS0165: Use of unassigned local variable 'scope' [C:\Development\ProtobuffEncoder\src\ProtobuffEncoder.WebSockets\ProtobuffEncoder.WebSockets.csproj::TargetFramework=net8.0]
C:\Development\ProtobuffEncoder\src\ProtobuffEncoder.WebSockets\WebSocketEndpointRouteBuilderExtensions.cs(89,27): error CS0165: Use of unassigned local variable 'endpoint' [C:\Development\ProtobuffEncoder\src\ProtobuffEncoder.WebSockets\ProtobuffEncoder.WebSockets.csproj::TargetFramework=net8.0]
C:\Development\ProtobuffEncoder\src\ProtobuffEncoder.WebSockets\WebSocketEndpointRouteBuilderExtensions.cs(59,34): error CS1061: 'ProtobufWebSocketConnection<TSend, TReceive>' does not contain a definition for 'HttpContext' and no accessible extension method 'HttpContext' accepting a first argument of type 'ProtobufWebSocketConnection<TSend, TReceive>' could be found (are you missing a using directive or an assembly reference?) [C:\Development\ProtobuffEncoder\src\ProtobuffEncoder.WebSockets\ProtobuffEncoder.WebSockets.csproj::TargetFramework=net9.0]
C:\Development\ProtobuffEncoder\src\ProtobuffEncoder.WebSockets\WebSocketEndpointRouteBuilderExtensions.cs(60,22): error CS1061: 'ProtobufWebSocketConnection<TSend, TReceive>' does not contain a definition for 'Items' and no accessible extension method 'Items' accepting a first argument of type 'ProtobufWebSocketConnection<TSend, TReceive>' could be found (are you missing a using directive or an assembly reference?) [C:\Development\ProtobuffEncoder\src\ProtobuffEncoder.WebSockets\ProtobuffEncoder.WebSockets.csproj::TargetFramework=net9.0]
C:\Development\ProtobuffEncoder\src\ProtobuffEncoder.WebSockets\WebSocketEndpointRouteBuilderExtensions.cs(62,22): error CS1061: 'ProtobufWebSocketConnection<TSend, TReceive>' does not contain a definition for 'Items' and no accessible extension method 'Items' accepting a first argument of type 'ProtobufWebSocketConnection<TSend, TReceive>' could be found (are you missing a using directive or an assembly reference?) [C:\Development\ProtobuffEncoder\src\ProtobuffEncoder.WebSockets\ProtobuffEncoder.WebSockets.csproj::TargetFramework=net9.0]
C:\Development\ProtobuffEncoder\src\ProtobuffEncoder.WebSockets\WebSocketEndpointRouteBuilderExtensions.cs(68,48): error CS1061: 'ProtobufWebSocketConnection<TSend, TReceive>' does not contain a definition for 'Items' and no accessible extension method 'Items' accepting a first argument of type 'ProtobufWebSocketConnection<TSend, TReceive>' could be found (are you missing a using directive or an assembly reference?) [C:\Development\ProtobuffEncoder\src\ProtobuffEncoder.WebSockets\ProtobuffEncoder.WebSockets.csproj::TargetFramework=net9.0]
C:\Development\ProtobuffEncoder\src\ProtobuffEncoder.WebSockets\WebSocketEndpointRouteBuilderExtensions.cs(74,26): error CS1061: 'ProtobufWebSocketConnection<TSend, TReceive>' does not contain a definition for 'Items' and no accessible extension method 'Items' accepting a first argument of type 'ProtobufWebSocketConnection<TSend, TReceive>' could be found (are you missing a using directive or an assembly reference?) [C:\Development\ProtobuffEncoder\src\ProtobuffEncoder.WebSockets\ProtobuffEncoder.WebSockets.csproj::TargetFramework=net9.0]
C:\Development\ProtobuffEncoder\src\ProtobuffEncoder.WebSockets\WebSocketEndpointRouteBuilderExtensions.cs(79,26): error CS1061: 'ProtobufWebSocketConnection<TSend, TReceive>' does not contain a definition for 'Items' and no accessible extension method 'Items' accepting a first argument of type 'ProtobufWebSocketConnection<TSend, TReceive>' could be found (are you missing a using directive or an assembly reference?) [C:\Development\ProtobuffEncoder\src\ProtobuffEncoder.WebSockets\ProtobuffEncoder.WebSockets.csproj::TargetFramework=net9.0]
C:\Development\ProtobuffEncoder\src\ProtobuffEncoder.WebSockets\WebSocketEndpointRouteBuilderExtensions.cs(87,26): error CS1061: 'ProtobufWebSocketConnection<TSend, TReceive>' does not contain a definition for 'Items' and no accessible extension method 'Items' accepting a first argument of type 'ProtobufWebSocketConnection<TSend, TReceive>' could be found (are you missing a using directive or an assembly reference?) [C:\Development\ProtobuffEncoder\src\ProtobuffEncoder.WebSockets\ProtobuffEncoder.WebSockets.csproj::TargetFramework=net9.0]
C:\Development\ProtobuffEncoder\src\ProtobuffEncoder.WebSockets\WebSocketEndpointRouteBuilderExtensions.cs(76,27): error CS0165: Use of unassigned local variable 'endpoint' [C:\Development\ProtobuffEncoder\src\ProtobuffEncoder.WebSockets\ProtobuffEncoder.WebSockets.csproj::TargetFramework=net9.0]
C:\Development\ProtobuffEncoder\src\ProtobuffEncoder.WebSockets\WebSocketEndpointRouteBuilderExtensions.cs(81,21): error CS0165: Use of unassigned local variable 'scope' [C:\Development\ProtobuffEncoder\src\ProtobuffEncoder.WebSockets\ProtobuffEncoder.WebSockets.csproj::TargetFramework=net9.0]
C:\Development\ProtobuffEncoder\src\ProtobuffEncoder.WebSockets\WebSocketEndpointRouteBuilderExtensions.cs(89,27): error CS0165: Use of unassigned local variable 'endpoint' [C:\Development\ProtobuffEncoder\src\ProtobuffEncoder.WebSockets\ProtobuffEncoder.WebSockets.csproj::TargetFramework=net9.0]
    114 Warning(s)
    30 Error(s)

Time Elapsed 00:00:19.40
