  Determining projects to restore...
c:\Development\ProtobuffEncoder\src\ProtobuffEncoder\ProtobuffEncoder.csproj : warning NU1507: There are 4 package sources defined in your configuration. When using central package management, please map your package sources with package source mapping (https://aka.ms/nuget-package-source-mapping) or specify a single package source. The following sources are defined: nuget.org, sbssnl_nuget, teapot_nuget, dot-net-plugins [c:\Development\ProtobuffEncoder\src\ProtobuffEncoder.Contracts\ProtobuffEncoder.Contracts.csproj]
c:\Development\ProtobuffEncoder\src\ProtobuffEncoder.Contracts\ProtobuffEncoder.Contracts.csproj : warning NU1507: There are 4 package sources defined in your configuration. When using central package management, please map your package sources with package source mapping (https://aka.ms/nuget-package-source-mapping) or specify a single package source. The following sources are defined: nuget.org, sbssnl_nuget, teapot_nuget, dot-net-plugins
  All projects are up-to-date for restore.
c:\Development\ProtobuffEncoder\src\ProtobuffEncoder.Contracts\ProtobuffEncoder.Contracts.csproj : warning NU1507: There are 4 package sources defined in your configuration. When using central package management, please map your package sources with package source mapping (https://aka.ms/nuget-package-source-mapping) or specify a single package source. The following sources are defined: nuget.org, sbssnl_nuget, teapot_nuget, dot-net-plugins [TargetFramework=net9.0]
c:\Development\ProtobuffEncoder\src\ProtobuffEncoder.Contracts\ProtobuffEncoder.Contracts.csproj : warning NU1507: There are 4 package sources defined in your configuration. When using central package management, please map your package sources with package source mapping (https://aka.ms/nuget-package-source-mapping) or specify a single package source. The following sources are defined: nuget.org, sbssnl_nuget, teapot_nuget, dot-net-plugins [TargetFramework=net8.0]
c:\Development\ProtobuffEncoder\src\ProtobuffEncoder.Contracts\ProtobuffEncoder.Contracts.csproj : warning NU1507: There are 4 package sources defined in your configuration. When using central package management, please map your package sources with package source mapping (https://aka.ms/nuget-package-source-mapping) or specify a single package source. The following sources are defined: nuget.org, sbssnl_nuget, teapot_nuget, dot-net-plugins [TargetFramework=net10.0]
c:\Development\ProtobuffEncoder\src\ProtobuffEncoder\ProtobuffEncoder.csproj : warning NU1507: There are 4 package sources defined in your configuration. When using central package management, please map your package sources with package source mapping (https://aka.ms/nuget-package-source-mapping) or specify a single package source. The following sources are defined: nuget.org, sbssnl_nuget, teapot_nuget, dot-net-plugins [TargetFramework=net9.0]
c:\Development\ProtobuffEncoder\src\ProtobuffEncoder\ProtobuffEncoder.csproj : warning NU1507: There are 4 package sources defined in your configuration. When using central package management, please map your package sources with package source mapping (https://aka.ms/nuget-package-source-mapping) or specify a single package source. The following sources are defined: nuget.org, sbssnl_nuget, teapot_nuget, dot-net-plugins [TargetFramework=net8.0]
c:\Development\ProtobuffEncoder\src\ProtobuffEncoder\ProtobuffEncoder.csproj : warning NU1507: There are 4 package sources defined in your configuration. When using central package management, please map your package sources with package source mapping (https://aka.ms/nuget-package-source-mapping) or specify a single package source. The following sources are defined: nuget.org, sbssnl_nuget, teapot_nuget, dot-net-plugins [TargetFramework=net10.0]
  ProtobuffEncoder -> c:\Development\ProtobuffEncoder\src\ProtobuffEncoder\bin\Debug\net10.0\ProtobuffEncoder.dll
  ProtobuffEncoder -> c:\Development\ProtobuffEncoder\src\ProtobuffEncoder\bin\Debug\net9.0\ProtobuffEncoder.dll
  ProtobuffEncoder -> c:\Development\ProtobuffEncoder\src\ProtobuffEncoder\bin\Debug\net8.0\ProtobuffEncoder.dll
c:\Development\ProtobuffEncoder\src\ProtobuffEncoder.Contracts\Models\OrderModels.cs(8,6): error CS1729: 'ProtoFieldAttribute' does not contain a constructor that takes 1 arguments [c:\Development\ProtobuffEncoder\src\ProtobuffEncoder.Contracts\ProtobuffEncoder.Contracts.csproj::TargetFramework=net8.0]
c:\Development\ProtobuffEncoder\src\ProtobuffEncoder.Contracts\Models\OrderModels.cs(8,6): error CS1729: 'ProtoFieldAttribute' does not contain a constructor that takes 1 arguments [c:\Development\ProtobuffEncoder\src\ProtobuffEncoder.Contracts\ProtobuffEncoder.Contracts.csproj::TargetFramework=net9.0]
c:\Development\ProtobuffEncoder\src\ProtobuffEncoder.Contracts\Models\OrderModels.cs(15,6): error CS1729: 'ProtoFieldAttribute' does not contain a constructor that takes 1 arguments [c:\Development\ProtobuffEncoder\src\ProtobuffEncoder.Contracts\ProtobuffEncoder.Contracts.csproj::TargetFramework=net8.0]
c:\Development\ProtobuffEncoder\src\ProtobuffEncoder.Contracts\Models\OrderModels.cs(15,6): error CS1729: 'ProtoFieldAttribute' does not contain a constructor that takes 1 arguments [c:\Development\ProtobuffEncoder\src\ProtobuffEncoder.Contracts\ProtobuffEncoder.Contracts.csproj::TargetFramework=net9.0]
c:\Development\ProtobuffEncoder\src\ProtobuffEncoder.Contracts\Models\OrderModels.cs(18,6): error CS1729: 'ProtoFieldAttribute' does not contain a constructor that takes 1 arguments [c:\Development\ProtobuffEncoder\src\ProtobuffEncoder.Contracts\ProtobuffEncoder.Contracts.csproj::TargetFramework=net8.0]
c:\Development\ProtobuffEncoder\src\ProtobuffEncoder.Contracts\Models\OrderModels.cs(21,6): error CS1729: 'ProtoFieldAttribute' does not contain a constructor that takes 1 arguments [c:\Development\ProtobuffEncoder\src\ProtobuffEncoder.Contracts\ProtobuffEncoder.Contracts.csproj::TargetFramework=net8.0]
c:\Development\ProtobuffEncoder\src\ProtobuffEncoder.Contracts\Models\OrderModels.cs(18,6): error CS1729: 'ProtoFieldAttribute' does not contain a constructor that takes 1 arguments [c:\Development\ProtobuffEncoder\src\ProtobuffEncoder.Contracts\ProtobuffEncoder.Contracts.csproj::TargetFramework=net9.0]
c:\Development\ProtobuffEncoder\src\ProtobuffEncoder.Contracts\Models\OrderModels.cs(24,6): error CS1729: 'ProtoFieldAttribute' does not contain a constructor that takes 1 arguments [c:\Development\ProtobuffEncoder\src\ProtobuffEncoder.Contracts\ProtobuffEncoder.Contracts.csproj::TargetFramework=net8.0]
c:\Development\ProtobuffEncoder\src\ProtobuffEncoder.Contracts\Models\OrderModels.cs(27,6): error CS1729: 'ProtoFieldAttribute' does not contain a constructor that takes 1 arguments [c:\Development\ProtobuffEncoder\src\ProtobuffEncoder.Contracts\ProtobuffEncoder.Contracts.csproj::TargetFramework=net8.0]
c:\Development\ProtobuffEncoder\src\ProtobuffEncoder.Contracts\Models\OrderModels.cs(34,6): error CS1729: 'ProtoFieldAttribute' does not contain a constructor that takes 1 arguments [c:\Development\ProtobuffEncoder\src\ProtobuffEncoder.Contracts\ProtobuffEncoder.Contracts.csproj::TargetFramework=net8.0]
c:\Development\ProtobuffEncoder\src\ProtobuffEncoder.Contracts\Models\OrderModels.cs(37,6): error CS1729: 'ProtoFieldAttribute' does not contain a constructor that takes 1 arguments [c:\Development\ProtobuffEncoder\src\ProtobuffEncoder.Contracts\ProtobuffEncoder.Contracts.csproj::TargetFramework=net8.0]
c:\Development\ProtobuffEncoder\src\ProtobuffEncoder.Contracts\Models\OrderModels.cs(40,6): error CS1729: 'ProtoFieldAttribute' does not contain a constructor that takes 1 arguments [c:\Development\ProtobuffEncoder\src\ProtobuffEncoder.Contracts\ProtobuffEncoder.Contracts.csproj::TargetFramework=net8.0]
c:\Development\ProtobuffEncoder\src\ProtobuffEncoder.Contracts\Models\OrderModels.cs(47,6): error CS1729: 'ProtoFieldAttribute' does not contain a constructor that takes 1 arguments [c:\Development\ProtobuffEncoder\src\ProtobuffEncoder.Contracts\ProtobuffEncoder.Contracts.csproj::TargetFramework=net8.0]
c:\Development\ProtobuffEncoder\src\ProtobuffEncoder.Contracts\Models\OrderModels.cs(50,6): error CS1729: 'ProtoFieldAttribute' does not contain a constructor that takes 1 arguments [c:\Development\ProtobuffEncoder\src\ProtobuffEncoder.Contracts\ProtobuffEncoder.Contracts.csproj::TargetFramework=net8.0]
c:\Development\ProtobuffEncoder\src\ProtobuffEncoder.Contracts\Models\OrderModels.cs(21,6): error CS1729: 'ProtoFieldAttribute' does not contain a constructor that takes 1 arguments [c:\Development\ProtobuffEncoder\src\ProtobuffEncoder.Contracts\ProtobuffEncoder.Contracts.csproj::TargetFramework=net9.0]
c:\Development\ProtobuffEncoder\src\ProtobuffEncoder.Contracts\Models\OrderModels.cs(53,6): error CS1729: 'ProtoFieldAttribute' does not contain a constructor that takes 1 arguments [c:\Development\ProtobuffEncoder\src\ProtobuffEncoder.Contracts\ProtobuffEncoder.Contracts.csproj::TargetFramework=net8.0]
c:\Development\ProtobuffEncoder\src\ProtobuffEncoder.Contracts\Models\OrderModels.cs(56,6): error CS1729: 'ProtoFieldAttribute' does not contain a constructor that takes 1 arguments [c:\Development\ProtobuffEncoder\src\ProtobuffEncoder.Contracts\ProtobuffEncoder.Contracts.csproj::TargetFramework=net8.0]
c:\Development\ProtobuffEncoder\src\ProtobuffEncoder.Contracts\Models\OrderModels.cs(63,6): error CS1729: 'ProtoFieldAttribute' does not contain a constructor that takes 1 arguments [c:\Development\ProtobuffEncoder\src\ProtobuffEncoder.Contracts\ProtobuffEncoder.Contracts.csproj::TargetFramework=net8.0]
c:\Development\ProtobuffEncoder\src\ProtobuffEncoder.Contracts\Models\OrderModels.cs(66,6): error CS1729: 'ProtoFieldAttribute' does not contain a constructor that takes 1 arguments [c:\Development\ProtobuffEncoder\src\ProtobuffEncoder.Contracts\ProtobuffEncoder.Contracts.csproj::TargetFramework=net8.0]
c:\Development\ProtobuffEncoder\src\ProtobuffEncoder.Contracts\Models\OrderModels.cs(76,2): error CS0592: Attribute 'ProtoContract' is not valid on this declaration type. It is only valid on 'class, struct' declarations. [c:\Development\ProtobuffEncoder\src\ProtobuffEncoder.Contracts\ProtobuffEncoder.Contracts.csproj::TargetFramework=net8.0]
c:\Development\ProtobuffEncoder\src\ProtobuffEncoder.Contracts\Models\OrderModels.cs(69,6): error CS1729: 'ProtoFieldAttribute' does not contain a constructor that takes 1 arguments [c:\Development\ProtobuffEncoder\src\ProtobuffEncoder.Contracts\ProtobuffEncoder.Contracts.csproj::TargetFramework=net8.0]
c:\Development\ProtobuffEncoder\src\ProtobuffEncoder.Contracts\Models\OrderModels.cs(72,6): error CS1729: 'ProtoFieldAttribute' does not contain a constructor that takes 1 arguments [c:\Development\ProtobuffEncoder\src\ProtobuffEncoder.Contracts\ProtobuffEncoder.Contracts.csproj::TargetFramework=net8.0]
c:\Development\ProtobuffEncoder\src\ProtobuffEncoder.Contracts\Models\OrderModels.cs(24,6): error CS1729: 'ProtoFieldAttribute' does not contain a constructor that takes 1 arguments [c:\Development\ProtobuffEncoder\src\ProtobuffEncoder.Contracts\ProtobuffEncoder.Contracts.csproj::TargetFramework=net9.0]
c:\Development\ProtobuffEncoder\src\ProtobuffEncoder.Contracts\Models\OrderModels.cs(27,6): error CS1729: 'ProtoFieldAttribute' does not contain a constructor that takes 1 arguments [c:\Development\ProtobuffEncoder\src\ProtobuffEncoder.Contracts\ProtobuffEncoder.Contracts.csproj::TargetFramework=net9.0]
c:\Development\ProtobuffEncoder\src\ProtobuffEncoder.Contracts\Models\OrderModels.cs(47,6): error CS1729: 'ProtoFieldAttribute' does not contain a constructor that takes 1 arguments [c:\Development\ProtobuffEncoder\src\ProtobuffEncoder.Contracts\ProtobuffEncoder.Contracts.csproj::TargetFramework=net9.0]
c:\Development\ProtobuffEncoder\src\ProtobuffEncoder.Contracts\Models\OrderModels.cs(50,6): error CS1729: 'ProtoFieldAttribute' does not contain a constructor that takes 1 arguments [c:\Development\ProtobuffEncoder\src\ProtobuffEncoder.Contracts\ProtobuffEncoder.Contracts.csproj::TargetFramework=net9.0]
c:\Development\ProtobuffEncoder\src\ProtobuffEncoder.Contracts\Models\OrderModels.cs(53,6): error CS1729: 'ProtoFieldAttribute' does not contain a constructor that takes 1 arguments [c:\Development\ProtobuffEncoder\src\ProtobuffEncoder.Contracts\ProtobuffEncoder.Contracts.csproj::TargetFramework=net9.0]
c:\Development\ProtobuffEncoder\src\ProtobuffEncoder.Contracts\Models\OrderModels.cs(56,6): error CS1729: 'ProtoFieldAttribute' does not contain a constructor that takes 1 arguments [c:\Development\ProtobuffEncoder\src\ProtobuffEncoder.Contracts\ProtobuffEncoder.Contracts.csproj::TargetFramework=net9.0]
c:\Development\ProtobuffEncoder\src\ProtobuffEncoder.Contracts\Models\OrderModels.cs(63,6): error CS1729: 'ProtoFieldAttribute' does not contain a constructor that takes 1 arguments [c:\Development\ProtobuffEncoder\src\ProtobuffEncoder.Contracts\ProtobuffEncoder.Contracts.csproj::TargetFramework=net9.0]
c:\Development\ProtobuffEncoder\src\ProtobuffEncoder.Contracts\Models\OrderModels.cs(66,6): error CS1729: 'ProtoFieldAttribute' does not contain a constructor that takes 1 arguments [c:\Development\ProtobuffEncoder\src\ProtobuffEncoder.Contracts\ProtobuffEncoder.Contracts.csproj::TargetFramework=net9.0]
c:\Development\ProtobuffEncoder\src\ProtobuffEncoder.Contracts\Models\OrderModels.cs(69,6): error CS1729: 'ProtoFieldAttribute' does not contain a constructor that takes 1 arguments [c:\Development\ProtobuffEncoder\src\ProtobuffEncoder.Contracts\ProtobuffEncoder.Contracts.csproj::TargetFramework=net9.0]
c:\Development\ProtobuffEncoder\src\ProtobuffEncoder.Contracts\Models\OrderModels.cs(72,6): error CS1729: 'ProtoFieldAttribute' does not contain a constructor that takes 1 arguments [c:\Development\ProtobuffEncoder\src\ProtobuffEncoder.Contracts\ProtobuffEncoder.Contracts.csproj::TargetFramework=net9.0]
c:\Development\ProtobuffEncoder\src\ProtobuffEncoder.Contracts\Models\OrderModels.cs(76,2): error CS0592: Attribute 'ProtoContract' is not valid on this declaration type. It is only valid on 'class, struct' declarations. [c:\Development\ProtobuffEncoder\src\ProtobuffEncoder.Contracts\ProtobuffEncoder.Contracts.csproj::TargetFramework=net9.0]
c:\Development\ProtobuffEncoder\src\ProtobuffEncoder.Contracts\Models\OrderModels.cs(34,6): error CS1729: 'ProtoFieldAttribute' does not contain a constructor that takes 1 arguments [c:\Development\ProtobuffEncoder\src\ProtobuffEncoder.Contracts\ProtobuffEncoder.Contracts.csproj::TargetFramework=net9.0]
c:\Development\ProtobuffEncoder\src\ProtobuffEncoder.Contracts\Models\OrderModels.cs(37,6): error CS1729: 'ProtoFieldAttribute' does not contain a constructor that takes 1 arguments [c:\Development\ProtobuffEncoder\src\ProtobuffEncoder.Contracts\ProtobuffEncoder.Contracts.csproj::TargetFramework=net9.0]
c:\Development\ProtobuffEncoder\src\ProtobuffEncoder.Contracts\Models\OrderModels.cs(40,6): error CS1729: 'ProtoFieldAttribute' does not contain a constructor that takes 1 arguments [c:\Development\ProtobuffEncoder\src\ProtobuffEncoder.Contracts\ProtobuffEncoder.Contracts.csproj::TargetFramework=net9.0]
c:\Development\ProtobuffEncoder\src\ProtobuffEncoder.Contracts\Models\OrderModels.cs(8,6): error CS1729: 'ProtoFieldAttribute' does not contain a constructor that takes 1 arguments [c:\Development\ProtobuffEncoder\src\ProtobuffEncoder.Contracts\ProtobuffEncoder.Contracts.csproj::TargetFramework=net10.0]
c:\Development\ProtobuffEncoder\src\ProtobuffEncoder.Contracts\Models\OrderModels.cs(34,6): error CS1729: 'ProtoFieldAttribute' does not contain a constructor that takes 1 arguments [c:\Development\ProtobuffEncoder\src\ProtobuffEncoder.Contracts\ProtobuffEncoder.Contracts.csproj::TargetFramework=net10.0]
c:\Development\ProtobuffEncoder\src\ProtobuffEncoder.Contracts\Models\OrderModels.cs(15,6): error CS1729: 'ProtoFieldAttribute' does not contain a constructor that takes 1 arguments [c:\Development\ProtobuffEncoder\src\ProtobuffEncoder.Contracts\ProtobuffEncoder.Contracts.csproj::TargetFramework=net10.0]
c:\Development\ProtobuffEncoder\src\ProtobuffEncoder.Contracts\Models\OrderModels.cs(18,6): error CS1729: 'ProtoFieldAttribute' does not contain a constructor that takes 1 arguments [c:\Development\ProtobuffEncoder\src\ProtobuffEncoder.Contracts\ProtobuffEncoder.Contracts.csproj::TargetFramework=net10.0]
c:\Development\ProtobuffEncoder\src\ProtobuffEncoder.Contracts\Models\OrderModels.cs(37,6): error CS1729: 'ProtoFieldAttribute' does not contain a constructor that takes 1 arguments [c:\Development\ProtobuffEncoder\src\ProtobuffEncoder.Contracts\ProtobuffEncoder.Contracts.csproj::TargetFramework=net10.0]
c:\Development\ProtobuffEncoder\src\ProtobuffEncoder.Contracts\Models\OrderModels.cs(21,6): error CS1729: 'ProtoFieldAttribute' does not contain a constructor that takes 1 arguments [c:\Development\ProtobuffEncoder\src\ProtobuffEncoder.Contracts\ProtobuffEncoder.Contracts.csproj::TargetFramework=net10.0]
c:\Development\ProtobuffEncoder\src\ProtobuffEncoder.Contracts\Models\OrderModels.cs(24,6): error CS1729: 'ProtoFieldAttribute' does not contain a constructor that takes 1 arguments [c:\Development\ProtobuffEncoder\src\ProtobuffEncoder.Contracts\ProtobuffEncoder.Contracts.csproj::TargetFramework=net10.0]
c:\Development\ProtobuffEncoder\src\ProtobuffEncoder.Contracts\Models\OrderModels.cs(27,6): error CS1729: 'ProtoFieldAttribute' does not contain a constructor that takes 1 arguments [c:\Development\ProtobuffEncoder\src\ProtobuffEncoder.Contracts\ProtobuffEncoder.Contracts.csproj::TargetFramework=net10.0]
c:\Development\ProtobuffEncoder\src\ProtobuffEncoder.Contracts\Models\OrderModels.cs(47,6): error CS1729: 'ProtoFieldAttribute' does not contain a constructor that takes 1 arguments [c:\Development\ProtobuffEncoder\src\ProtobuffEncoder.Contracts\ProtobuffEncoder.Contracts.csproj::TargetFramework=net10.0]
c:\Development\ProtobuffEncoder\src\ProtobuffEncoder.Contracts\Models\OrderModels.cs(76,2): error CS0592: Attribute 'ProtoContract' is not valid on this declaration type. It is only valid on 'class, struct' declarations. [c:\Development\ProtobuffEncoder\src\ProtobuffEncoder.Contracts\ProtobuffEncoder.Contracts.csproj::TargetFramework=net10.0]
c:\Development\ProtobuffEncoder\src\ProtobuffEncoder.Contracts\Models\OrderModels.cs(50,6): error CS1729: 'ProtoFieldAttribute' does not contain a constructor that takes 1 arguments [c:\Development\ProtobuffEncoder\src\ProtobuffEncoder.Contracts\ProtobuffEncoder.Contracts.csproj::TargetFramework=net10.0]
c:\Development\ProtobuffEncoder\src\ProtobuffEncoder.Contracts\Models\OrderModels.cs(63,6): error CS1729: 'ProtoFieldAttribute' does not contain a constructor that takes 1 arguments [c:\Development\ProtobuffEncoder\src\ProtobuffEncoder.Contracts\ProtobuffEncoder.Contracts.csproj::TargetFramework=net10.0]
c:\Development\ProtobuffEncoder\src\ProtobuffEncoder.Contracts\Models\OrderModels.cs(53,6): error CS1729: 'ProtoFieldAttribute' does not contain a constructor that takes 1 arguments [c:\Development\ProtobuffEncoder\src\ProtobuffEncoder.Contracts\ProtobuffEncoder.Contracts.csproj::TargetFramework=net10.0]
c:\Development\ProtobuffEncoder\src\ProtobuffEncoder.Contracts\Models\OrderModels.cs(66,6): error CS1729: 'ProtoFieldAttribute' does not contain a constructor that takes 1 arguments [c:\Development\ProtobuffEncoder\src\ProtobuffEncoder.Contracts\ProtobuffEncoder.Contracts.csproj::TargetFramework=net10.0]
c:\Development\ProtobuffEncoder\src\ProtobuffEncoder.Contracts\Models\OrderModels.cs(69,6): error CS1729: 'ProtoFieldAttribute' does not contain a constructor that takes 1 arguments [c:\Development\ProtobuffEncoder\src\ProtobuffEncoder.Contracts\ProtobuffEncoder.Contracts.csproj::TargetFramework=net10.0]
c:\Development\ProtobuffEncoder\src\ProtobuffEncoder.Contracts\Models\OrderModels.cs(56,6): error CS1729: 'ProtoFieldAttribute' does not contain a constructor that takes 1 arguments [c:\Development\ProtobuffEncoder\src\ProtobuffEncoder.Contracts\ProtobuffEncoder.Contracts.csproj::TargetFramework=net10.0]
c:\Development\ProtobuffEncoder\src\ProtobuffEncoder.Contracts\Models\OrderModels.cs(72,6): error CS1729: 'ProtoFieldAttribute' does not contain a constructor that takes 1 arguments [c:\Development\ProtobuffEncoder\src\ProtobuffEncoder.Contracts\ProtobuffEncoder.Contracts.csproj::TargetFramework=net10.0]
c:\Development\ProtobuffEncoder\src\ProtobuffEncoder.Contracts\Models\OrderModels.cs(40,6): error CS1729: 'ProtoFieldAttribute' does not contain a constructor that takes 1 arguments [c:\Development\ProtobuffEncoder\src\ProtobuffEncoder.Contracts\ProtobuffEncoder.Contracts.csproj::TargetFramework=net10.0]

Build FAILED.

c:\Development\ProtobuffEncoder\src\ProtobuffEncoder\ProtobuffEncoder.csproj : warning NU1507: There are 4 package sources defined in your configuration. When using central package management, please map your package sources with package source mapping (https://aka.ms/nuget-package-source-mapping) or specify a single package source. The following sources are defined: nuget.org, sbssnl_nuget, teapot_nuget, dot-net-plugins [c:\Development\ProtobuffEncoder\src\ProtobuffEncoder.Contracts\ProtobuffEncoder.Contracts.csproj]
c:\Development\ProtobuffEncoder\src\ProtobuffEncoder.Contracts\ProtobuffEncoder.Contracts.csproj : warning NU1507: There are 4 package sources defined in your configuration. When using central package management, please map your package sources with package source mapping (https://aka.ms/nuget-package-source-mapping) or specify a single package source. The following sources are defined: nuget.org, sbssnl_nuget, teapot_nuget, dot-net-plugins
c:\Development\ProtobuffEncoder\src\ProtobuffEncoder.Contracts\ProtobuffEncoder.Contracts.csproj : warning NU1507: There are 4 package sources defined in your configuration. When using central package management, please map your package sources with package source mapping (https://aka.ms/nuget-package-source-mapping) or specify a single package source. The following sources are defined: nuget.org, sbssnl_nuget, teapot_nuget, dot-net-plugins [TargetFramework=net9.0]
c:\Development\ProtobuffEncoder\src\ProtobuffEncoder.Contracts\ProtobuffEncoder.Contracts.csproj : warning NU1507: There are 4 package sources defined in your configuration. When using central package management, please map your package sources with package source mapping (https://aka.ms/nuget-package-source-mapping) or specify a single package source. The following sources are defined: nuget.org, sbssnl_nuget, teapot_nuget, dot-net-plugins [TargetFramework=net8.0]
c:\Development\ProtobuffEncoder\src\ProtobuffEncoder.Contracts\ProtobuffEncoder.Contracts.csproj : warning NU1507: There are 4 package sources defined in your configuration. When using central package management, please map your package sources with package source mapping (https://aka.ms/nuget-package-source-mapping) or specify a single package source. The following sources are defined: nuget.org, sbssnl_nuget, teapot_nuget, dot-net-plugins [TargetFramework=net10.0]
c:\Development\ProtobuffEncoder\src\ProtobuffEncoder\ProtobuffEncoder.csproj : warning NU1507: There are 4 package sources defined in your configuration. When using central package management, please map your package sources with package source mapping (https://aka.ms/nuget-package-source-mapping) or specify a single package source. The following sources are defined: nuget.org, sbssnl_nuget, teapot_nuget, dot-net-plugins [TargetFramework=net9.0]
c:\Development\ProtobuffEncoder\src\ProtobuffEncoder\ProtobuffEncoder.csproj : warning NU1507: There are 4 package sources defined in your configuration. When using central package management, please map your package sources with package source mapping (https://aka.ms/nuget-package-source-mapping) or specify a single package source. The following sources are defined: nuget.org, sbssnl_nuget, teapot_nuget, dot-net-plugins [TargetFramework=net8.0]
c:\Development\ProtobuffEncoder\src\ProtobuffEncoder\ProtobuffEncoder.csproj : warning NU1507: There are 4 package sources defined in your configuration. When using central package management, please map your package sources with package source mapping (https://aka.ms/nuget-package-source-mapping) or specify a single package source. The following sources are defined: nuget.org, sbssnl_nuget, teapot_nuget, dot-net-plugins [TargetFramework=net10.0]
c:\Development\ProtobuffEncoder\src\ProtobuffEncoder.Contracts\Models\OrderModels.cs(8,6): error CS1729: 'ProtoFieldAttribute' does not contain a constructor that takes 1 arguments [c:\Development\ProtobuffEncoder\src\ProtobuffEncoder.Contracts\ProtobuffEncoder.Contracts.csproj::TargetFramework=net8.0]
c:\Development\ProtobuffEncoder\src\ProtobuffEncoder.Contracts\Models\OrderModels.cs(8,6): error CS1729: 'ProtoFieldAttribute' does not contain a constructor that takes 1 arguments [c:\Development\ProtobuffEncoder\src\ProtobuffEncoder.Contracts\ProtobuffEncoder.Contracts.csproj::TargetFramework=net9.0]
c:\Development\ProtobuffEncoder\src\ProtobuffEncoder.Contracts\Models\OrderModels.cs(15,6): error CS1729: 'ProtoFieldAttribute' does not contain a constructor that takes 1 arguments [c:\Development\ProtobuffEncoder\src\ProtobuffEncoder.Contracts\ProtobuffEncoder.Contracts.csproj::TargetFramework=net8.0]
c:\Development\ProtobuffEncoder\src\ProtobuffEncoder.Contracts\Models\OrderModels.cs(15,6): error CS1729: 'ProtoFieldAttribute' does not contain a constructor that takes 1 arguments [c:\Development\ProtobuffEncoder\src\ProtobuffEncoder.Contracts\ProtobuffEncoder.Contracts.csproj::TargetFramework=net9.0]
c:\Development\ProtobuffEncoder\src\ProtobuffEncoder.Contracts\Models\OrderModels.cs(18,6): error CS1729: 'ProtoFieldAttribute' does not contain a constructor that takes 1 arguments [c:\Development\ProtobuffEncoder\src\ProtobuffEncoder.Contracts\ProtobuffEncoder.Contracts.csproj::TargetFramework=net8.0]
c:\Development\ProtobuffEncoder\src\ProtobuffEncoder.Contracts\Models\OrderModels.cs(21,6): error CS1729: 'ProtoFieldAttribute' does not contain a constructor that takes 1 arguments [c:\Development\ProtobuffEncoder\src\ProtobuffEncoder.Contracts\ProtobuffEncoder.Contracts.csproj::TargetFramework=net8.0]
c:\Development\ProtobuffEncoder\src\ProtobuffEncoder.Contracts\Models\OrderModels.cs(18,6): error CS1729: 'ProtoFieldAttribute' does not contain a constructor that takes 1 arguments [c:\Development\ProtobuffEncoder\src\ProtobuffEncoder.Contracts\ProtobuffEncoder.Contracts.csproj::TargetFramework=net9.0]
c:\Development\ProtobuffEncoder\src\ProtobuffEncoder.Contracts\Models\OrderModels.cs(24,6): error CS1729: 'ProtoFieldAttribute' does not contain a constructor that takes 1 arguments [c:\Development\ProtobuffEncoder\src\ProtobuffEncoder.Contracts\ProtobuffEncoder.Contracts.csproj::TargetFramework=net8.0]
c:\Development\ProtobuffEncoder\src\ProtobuffEncoder.Contracts\Models\OrderModels.cs(27,6): error CS1729: 'ProtoFieldAttribute' does not contain a constructor that takes 1 arguments [c:\Development\ProtobuffEncoder\src\ProtobuffEncoder.Contracts\ProtobuffEncoder.Contracts.csproj::TargetFramework=net8.0]
c:\Development\ProtobuffEncoder\src\ProtobuffEncoder.Contracts\Models\OrderModels.cs(34,6): error CS1729: 'ProtoFieldAttribute' does not contain a constructor that takes 1 arguments [c:\Development\ProtobuffEncoder\src\ProtobuffEncoder.Contracts\ProtobuffEncoder.Contracts.csproj::TargetFramework=net8.0]
c:\Development\ProtobuffEncoder\src\ProtobuffEncoder.Contracts\Models\OrderModels.cs(37,6): error CS1729: 'ProtoFieldAttribute' does not contain a constructor that takes 1 arguments [c:\Development\ProtobuffEncoder\src\ProtobuffEncoder.Contracts\ProtobuffEncoder.Contracts.csproj::TargetFramework=net8.0]
c:\Development\ProtobuffEncoder\src\ProtobuffEncoder.Contracts\Models\OrderModels.cs(40,6): error CS1729: 'ProtoFieldAttribute' does not contain a constructor that takes 1 arguments [c:\Development\ProtobuffEncoder\src\ProtobuffEncoder.Contracts\ProtobuffEncoder.Contracts.csproj::TargetFramework=net8.0]
c:\Development\ProtobuffEncoder\src\ProtobuffEncoder.Contracts\Models\OrderModels.cs(47,6): error CS1729: 'ProtoFieldAttribute' does not contain a constructor that takes 1 arguments [c:\Development\ProtobuffEncoder\src\ProtobuffEncoder.Contracts\ProtobuffEncoder.Contracts.csproj::TargetFramework=net8.0]
c:\Development\ProtobuffEncoder\src\ProtobuffEncoder.Contracts\Models\OrderModels.cs(50,6): error CS1729: 'ProtoFieldAttribute' does not contain a constructor that takes 1 arguments [c:\Development\ProtobuffEncoder\src\ProtobuffEncoder.Contracts\ProtobuffEncoder.Contracts.csproj::TargetFramework=net8.0]
c:\Development\ProtobuffEncoder\src\ProtobuffEncoder.Contracts\Models\OrderModels.cs(21,6): error CS1729: 'ProtoFieldAttribute' does not contain a constructor that takes 1 arguments [c:\Development\ProtobuffEncoder\src\ProtobuffEncoder.Contracts\ProtobuffEncoder.Contracts.csproj::TargetFramework=net9.0]
c:\Development\ProtobuffEncoder\src\ProtobuffEncoder.Contracts\Models\OrderModels.cs(53,6): error CS1729: 'ProtoFieldAttribute' does not contain a constructor that takes 1 arguments [c:\Development\ProtobuffEncoder\src\ProtobuffEncoder.Contracts\ProtobuffEncoder.Contracts.csproj::TargetFramework=net8.0]
c:\Development\ProtobuffEncoder\src\ProtobuffEncoder.Contracts\Models\OrderModels.cs(56,6): error CS1729: 'ProtoFieldAttribute' does not contain a constructor that takes 1 arguments [c:\Development\ProtobuffEncoder\src\ProtobuffEncoder.Contracts\ProtobuffEncoder.Contracts.csproj::TargetFramework=net8.0]
c:\Development\ProtobuffEncoder\src\ProtobuffEncoder.Contracts\Models\OrderModels.cs(63,6): error CS1729: 'ProtoFieldAttribute' does not contain a constructor that takes 1 arguments [c:\Development\ProtobuffEncoder\src\ProtobuffEncoder.Contracts\ProtobuffEncoder.Contracts.csproj::TargetFramework=net8.0]
c:\Development\ProtobuffEncoder\src\ProtobuffEncoder.Contracts\Models\OrderModels.cs(66,6): error CS1729: 'ProtoFieldAttribute' does not contain a constructor that takes 1 arguments [c:\Development\ProtobuffEncoder\src\ProtobuffEncoder.Contracts\ProtobuffEncoder.Contracts.csproj::TargetFramework=net8.0]
c:\Development\ProtobuffEncoder\src\ProtobuffEncoder.Contracts\Models\OrderModels.cs(76,2): error CS0592: Attribute 'ProtoContract' is not valid on this declaration type. It is only valid on 'class, struct' declarations. [c:\Development\ProtobuffEncoder\src\ProtobuffEncoder.Contracts\ProtobuffEncoder.Contracts.csproj::TargetFramework=net8.0]
c:\Development\ProtobuffEncoder\src\ProtobuffEncoder.Contracts\Models\OrderModels.cs(69,6): error CS1729: 'ProtoFieldAttribute' does not contain a constructor that takes 1 arguments [c:\Development\ProtobuffEncoder\src\ProtobuffEncoder.Contracts\ProtobuffEncoder.Contracts.csproj::TargetFramework=net8.0]
c:\Development\ProtobuffEncoder\src\ProtobuffEncoder.Contracts\Models\OrderModels.cs(72,6): error CS1729: 'ProtoFieldAttribute' does not contain a constructor that takes 1 arguments [c:\Development\ProtobuffEncoder\src\ProtobuffEncoder.Contracts\ProtobuffEncoder.Contracts.csproj::TargetFramework=net8.0]
c:\Development\ProtobuffEncoder\src\ProtobuffEncoder.Contracts\Models\OrderModels.cs(24,6): error CS1729: 'ProtoFieldAttribute' does not contain a constructor that takes 1 arguments [c:\Development\ProtobuffEncoder\src\ProtobuffEncoder.Contracts\ProtobuffEncoder.Contracts.csproj::TargetFramework=net9.0]
c:\Development\ProtobuffEncoder\src\ProtobuffEncoder.Contracts\Models\OrderModels.cs(27,6): error CS1729: 'ProtoFieldAttribute' does not contain a constructor that takes 1 arguments [c:\Development\ProtobuffEncoder\src\ProtobuffEncoder.Contracts\ProtobuffEncoder.Contracts.csproj::TargetFramework=net9.0]
c:\Development\ProtobuffEncoder\src\ProtobuffEncoder.Contracts\Models\OrderModels.cs(47,6): error CS1729: 'ProtoFieldAttribute' does not contain a constructor that takes 1 arguments [c:\Development\ProtobuffEncoder\src\ProtobuffEncoder.Contracts\ProtobuffEncoder.Contracts.csproj::TargetFramework=net9.0]
c:\Development\ProtobuffEncoder\src\ProtobuffEncoder.Contracts\Models\OrderModels.cs(50,6): error CS1729: 'ProtoFieldAttribute' does not contain a constructor that takes 1 arguments [c:\Development\ProtobuffEncoder\src\ProtobuffEncoder.Contracts\ProtobuffEncoder.Contracts.csproj::TargetFramework=net9.0]
c:\Development\ProtobuffEncoder\src\ProtobuffEncoder.Contracts\Models\OrderModels.cs(53,6): error CS1729: 'ProtoFieldAttribute' does not contain a constructor that takes 1 arguments [c:\Development\ProtobuffEncoder\src\ProtobuffEncoder.Contracts\ProtobuffEncoder.Contracts.csproj::TargetFramework=net9.0]
c:\Development\ProtobuffEncoder\src\ProtobuffEncoder.Contracts\Models\OrderModels.cs(56,6): error CS1729: 'ProtoFieldAttribute' does not contain a constructor that takes 1 arguments [c:\Development\ProtobuffEncoder\src\ProtobuffEncoder.Contracts\ProtobuffEncoder.Contracts.csproj::TargetFramework=net9.0]
c:\Development\ProtobuffEncoder\src\ProtobuffEncoder.Contracts\Models\OrderModels.cs(63,6): error CS1729: 'ProtoFieldAttribute' does not contain a constructor that takes 1 arguments [c:\Development\ProtobuffEncoder\src\ProtobuffEncoder.Contracts\ProtobuffEncoder.Contracts.csproj::TargetFramework=net9.0]
c:\Development\ProtobuffEncoder\src\ProtobuffEncoder.Contracts\Models\OrderModels.cs(66,6): error CS1729: 'ProtoFieldAttribute' does not contain a constructor that takes 1 arguments [c:\Development\ProtobuffEncoder\src\ProtobuffEncoder.Contracts\ProtobuffEncoder.Contracts.csproj::TargetFramework=net9.0]
c:\Development\ProtobuffEncoder\src\ProtobuffEncoder.Contracts\Models\OrderModels.cs(69,6): error CS1729: 'ProtoFieldAttribute' does not contain a constructor that takes 1 arguments [c:\Development\ProtobuffEncoder\src\ProtobuffEncoder.Contracts\ProtobuffEncoder.Contracts.csproj::TargetFramework=net9.0]
c:\Development\ProtobuffEncoder\src\ProtobuffEncoder.Contracts\Models\OrderModels.cs(72,6): error CS1729: 'ProtoFieldAttribute' does not contain a constructor that takes 1 arguments [c:\Development\ProtobuffEncoder\src\ProtobuffEncoder.Contracts\ProtobuffEncoder.Contracts.csproj::TargetFramework=net9.0]
c:\Development\ProtobuffEncoder\src\ProtobuffEncoder.Contracts\Models\OrderModels.cs(76,2): error CS0592: Attribute 'ProtoContract' is not valid on this declaration type. It is only valid on 'class, struct' declarations. [c:\Development\ProtobuffEncoder\src\ProtobuffEncoder.Contracts\ProtobuffEncoder.Contracts.csproj::TargetFramework=net9.0]
c:\Development\ProtobuffEncoder\src\ProtobuffEncoder.Contracts\Models\OrderModels.cs(34,6): error CS1729: 'ProtoFieldAttribute' does not contain a constructor that takes 1 arguments [c:\Development\ProtobuffEncoder\src\ProtobuffEncoder.Contracts\ProtobuffEncoder.Contracts.csproj::TargetFramework=net9.0]
c:\Development\ProtobuffEncoder\src\ProtobuffEncoder.Contracts\Models\OrderModels.cs(37,6): error CS1729: 'ProtoFieldAttribute' does not contain a constructor that takes 1 arguments [c:\Development\ProtobuffEncoder\src\ProtobuffEncoder.Contracts\ProtobuffEncoder.Contracts.csproj::TargetFramework=net9.0]
c:\Development\ProtobuffEncoder\src\ProtobuffEncoder.Contracts\Models\OrderModels.cs(40,6): error CS1729: 'ProtoFieldAttribute' does not contain a constructor that takes 1 arguments [c:\Development\ProtobuffEncoder\src\ProtobuffEncoder.Contracts\ProtobuffEncoder.Contracts.csproj::TargetFramework=net9.0]
c:\Development\ProtobuffEncoder\src\ProtobuffEncoder.Contracts\Models\OrderModels.cs(8,6): error CS1729: 'ProtoFieldAttribute' does not contain a constructor that takes 1 arguments [c:\Development\ProtobuffEncoder\src\ProtobuffEncoder.Contracts\ProtobuffEncoder.Contracts.csproj::TargetFramework=net10.0]
c:\Development\ProtobuffEncoder\src\ProtobuffEncoder.Contracts\Models\OrderModels.cs(34,6): error CS1729: 'ProtoFieldAttribute' does not contain a constructor that takes 1 arguments [c:\Development\ProtobuffEncoder\src\ProtobuffEncoder.Contracts\ProtobuffEncoder.Contracts.csproj::TargetFramework=net10.0]
c:\Development\ProtobuffEncoder\src\ProtobuffEncoder.Contracts\Models\OrderModels.cs(15,6): error CS1729: 'ProtoFieldAttribute' does not contain a constructor that takes 1 arguments [c:\Development\ProtobuffEncoder\src\ProtobuffEncoder.Contracts\ProtobuffEncoder.Contracts.csproj::TargetFramework=net10.0]
c:\Development\ProtobuffEncoder\src\ProtobuffEncoder.Contracts\Models\OrderModels.cs(18,6): error CS1729: 'ProtoFieldAttribute' does not contain a constructor that takes 1 arguments [c:\Development\ProtobuffEncoder\src\ProtobuffEncoder.Contracts\ProtobuffEncoder.Contracts.csproj::TargetFramework=net10.0]
c:\Development\ProtobuffEncoder\src\ProtobuffEncoder.Contracts\Models\OrderModels.cs(37,6): error CS1729: 'ProtoFieldAttribute' does not contain a constructor that takes 1 arguments [c:\Development\ProtobuffEncoder\src\ProtobuffEncoder.Contracts\ProtobuffEncoder.Contracts.csproj::TargetFramework=net10.0]
c:\Development\ProtobuffEncoder\src\ProtobuffEncoder.Contracts\Models\OrderModels.cs(21,6): error CS1729: 'ProtoFieldAttribute' does not contain a constructor that takes 1 arguments [c:\Development\ProtobuffEncoder\src\ProtobuffEncoder.Contracts\ProtobuffEncoder.Contracts.csproj::TargetFramework=net10.0]
c:\Development\ProtobuffEncoder\src\ProtobuffEncoder.Contracts\Models\OrderModels.cs(24,6): error CS1729: 'ProtoFieldAttribute' does not contain a constructor that takes 1 arguments [c:\Development\ProtobuffEncoder\src\ProtobuffEncoder.Contracts\ProtobuffEncoder.Contracts.csproj::TargetFramework=net10.0]
c:\Development\ProtobuffEncoder\src\ProtobuffEncoder.Contracts\Models\OrderModels.cs(27,6): error CS1729: 'ProtoFieldAttribute' does not contain a constructor that takes 1 arguments [c:\Development\ProtobuffEncoder\src\ProtobuffEncoder.Contracts\ProtobuffEncoder.Contracts.csproj::TargetFramework=net10.0]
c:\Development\ProtobuffEncoder\src\ProtobuffEncoder.Contracts\Models\OrderModels.cs(47,6): error CS1729: 'ProtoFieldAttribute' does not contain a constructor that takes 1 arguments [c:\Development\ProtobuffEncoder\src\ProtobuffEncoder.Contracts\ProtobuffEncoder.Contracts.csproj::TargetFramework=net10.0]
c:\Development\ProtobuffEncoder\src\ProtobuffEncoder.Contracts\Models\OrderModels.cs(76,2): error CS0592: Attribute 'ProtoContract' is not valid on this declaration type. It is only valid on 'class, struct' declarations. [c:\Development\ProtobuffEncoder\src\ProtobuffEncoder.Contracts\ProtobuffEncoder.Contracts.csproj::TargetFramework=net10.0]
c:\Development\ProtobuffEncoder\src\ProtobuffEncoder.Contracts\Models\OrderModels.cs(50,6): error CS1729: 'ProtoFieldAttribute' does not contain a constructor that takes 1 arguments [c:\Development\ProtobuffEncoder\src\ProtobuffEncoder.Contracts\ProtobuffEncoder.Contracts.csproj::TargetFramework=net10.0]
c:\Development\ProtobuffEncoder\src\ProtobuffEncoder.Contracts\Models\OrderModels.cs(63,6): error CS1729: 'ProtoFieldAttribute' does not contain a constructor that takes 1 arguments [c:\Development\ProtobuffEncoder\src\ProtobuffEncoder.Contracts\ProtobuffEncoder.Contracts.csproj::TargetFramework=net10.0]
c:\Development\ProtobuffEncoder\src\ProtobuffEncoder.Contracts\Models\OrderModels.cs(53,6): error CS1729: 'ProtoFieldAttribute' does not contain a constructor that takes 1 arguments [c:\Development\ProtobuffEncoder\src\ProtobuffEncoder.Contracts\ProtobuffEncoder.Contracts.csproj::TargetFramework=net10.0]
c:\Development\ProtobuffEncoder\src\ProtobuffEncoder.Contracts\Models\OrderModels.cs(66,6): error CS1729: 'ProtoFieldAttribute' does not contain a constructor that takes 1 arguments [c:\Development\ProtobuffEncoder\src\ProtobuffEncoder.Contracts\ProtobuffEncoder.Contracts.csproj::TargetFramework=net10.0]
c:\Development\ProtobuffEncoder\src\ProtobuffEncoder.Contracts\Models\OrderModels.cs(69,6): error CS1729: 'ProtoFieldAttribute' does not contain a constructor that takes 1 arguments [c:\Development\ProtobuffEncoder\src\ProtobuffEncoder.Contracts\ProtobuffEncoder.Contracts.csproj::TargetFramework=net10.0]
c:\Development\ProtobuffEncoder\src\ProtobuffEncoder.Contracts\Models\OrderModels.cs(56,6): error CS1729: 'ProtoFieldAttribute' does not contain a constructor that takes 1 arguments [c:\Development\ProtobuffEncoder\src\ProtobuffEncoder.Contracts\ProtobuffEncoder.Contracts.csproj::TargetFramework=net10.0]
c:\Development\ProtobuffEncoder\src\ProtobuffEncoder.Contracts\Models\OrderModels.cs(72,6): error CS1729: 'ProtoFieldAttribute' does not contain a constructor that takes 1 arguments [c:\Development\ProtobuffEncoder\src\ProtobuffEncoder.Contracts\ProtobuffEncoder.Contracts.csproj::TargetFramework=net10.0]
c:\Development\ProtobuffEncoder\src\ProtobuffEncoder.Contracts\Models\OrderModels.cs(40,6): error CS1729: 'ProtoFieldAttribute' does not contain a constructor that takes 1 arguments [c:\Development\ProtobuffEncoder\src\ProtobuffEncoder.Contracts\ProtobuffEncoder.Contracts.csproj::TargetFramework=net10.0]
    8 Warning(s)
    54 Error(s)

Time Elapsed 00:00:04.89
